#0 building with "desktop-linux" instance using docker driver

#1 [internal] load build definition from Dockerfile.sklearn_resolved
#1 transferring dockerfile: 305B 0.0s done
#1 DONE 0.0s

#2 [internal] load metadata for docker.io/library/python@sha256:9534e5a8e315485d4061ed659af0fd78a284c015f9b73661b41d6bab25604534
#2 DONE 0.0s

#3 [internal] load .dockerignore
#3 transferring context: 2B done
#3 DONE 0.0s

#4 [internal] load build context
#4 transferring context: 30B done
#4 DONE 0.0s

#5 [1/4] FROM docker.io/library/python@sha256:9534e5a8e315485d4061ed659af0fd78a284c015f9b73661b41d6bab25604534
#5 resolve docker.io/library/python@sha256:9534e5a8e315485d4061ed659af0fd78a284c015f9b73661b41d6bab25604534 0.0s done
#5 DONE 0.0s

#6 [2/4] WORKDIR /w
#6 CACHED

#7 [3/4] RUN pip install --no-cache-dir scikit-learn==1.9.0 catboost==1.2.8 numpy==2.4.6 pandas==3.0.3 joblib==1.5.3 openpyxl==3.1.5
#7 1.900 Collecting scikit-learn==1.9.0
#7 2.042   Downloading scikit_learn-1.9.0-cp311-cp311-manylinux_2_27_x86_64.manylinux_2_28_x86_64.whl.metadata (11 kB)
#7 2.179 Collecting catboost==1.2.8
#7 2.217   Downloading catboost-1.2.8-cp311-cp311-manylinux2014_x86_64.whl.metadata (1.2 kB)
#7 2.599 Collecting numpy==2.4.6
#7 2.636   Downloading numpy-2.4.6-cp311-cp311-manylinux_2_27_x86_64.manylinux_2_28_x86_64.whl.metadata (6.6 kB)
#7 2.841 Collecting pandas==3.0.3
#7 2.878   Downloading pandas-3.0.3-cp311-cp311-manylinux_2_24_x86_64.manylinux_2_28_x86_64.whl.metadata (79 kB)
#7 2.925      ━━━━━━━━━━━━━━━━━━━━━━━━━━━━━━━━━━━━━━━━ 79.5/79.5 kB 1.7 MB/s eta 0:00:00
#7 2.988 Collecting joblib==1.5.3
#7 3.026   Downloading joblib-1.5.3-py3-none-any.whl.metadata (5.5 kB)
#7 3.077 Collecting openpyxl==3.1.5
#7 3.112   Downloading openpyxl-3.1.5-py2.py3-none-any.whl.metadata (2.5 kB)
#7 3.366 Collecting scipy>=1.10.0 (from scikit-learn==1.9.0)
#7 3.400   Downloading scipy-1.17.1-cp311-cp311-manylinux_2_27_x86_64.manylinux_2_28_x86_64.whl.metadata (62 kB)
#7 3.410      ━━━━━━━━━━━━━━━━━━━━━━━━━━━━━━━━━━━━━━━━ 62.1/62.1 kB 7.6 MB/s eta 0:00:00
#7 3.569 Collecting narwhals>=2.0.1 (from scikit-learn==1.9.0)
#7 3.603   Downloading narwhals-2.26.0-py3-none-any.whl.metadata (15 kB)
#7 3.648 Collecting threadpoolctl>=3.5.0 (from scikit-learn==1.9.0)
#7 3.684   Downloading threadpoolctl-3.7.0-py3-none-any.whl.metadata (24 kB)
#7 3.752 Collecting graphviz (from catboost==1.2.8)
#7 3.789   Downloading graphviz-0.21-py3-none-any.whl.metadata (12 kB)
#7 4.042 Collecting matplotlib (from catboost==1.2.8)
#7 4.076   Downloading matplotlib-3.11.2-cp311-cp311-manylinux2014_x86_64.manylinux_2_17_x86_64.whl.metadata (80 kB)
#7 4.088      ━━━━━━━━━━━━━━━━━━━━━━━━━━━━━━━━━━━━━━━━ 80.3/80.3 kB 7.1 MB/s eta 0:00:00
#7 4.191 Collecting plotly (from catboost==1.2.8)
#7 4.229   Downloading plotly-7.1.0-py3-none-any.whl.metadata (8.8 kB)
#7 4.274 Collecting six (from catboost==1.2.8)
#7 4.311   Downloading six-1.17.0-py2.py3-none-any.whl.metadata (1.7 kB)
#7 4.398 Collecting python-dateutil>=2.8.2 (from pandas==3.0.3)
#7 4.434   Downloading python_dateutil-2.9.0.post0-py2.py3-none-any.whl.metadata (8.4 kB)
#7 4.479 Collecting et-xmlfile (from openpyxl==3.1.5)
#7 4.515   Downloading et_xmlfile-2.0.0-py3-none-any.whl.metadata (2.7 kB)
#7 4.734 Collecting contourpy>=1.0.1 (from matplotlib->catboost==1.2.8)
#7 4.768   Downloading contourpy-1.3.3-cp311-cp311-manylinux_2_27_x86_64.manylinux_2_28_x86_64.whl.metadata (5.5 kB)
#7 4.812 Collecting cycler>=0.10 (from matplotlib->catboost==1.2.8)
#7 4.848   Downloading cycler-0.12.1-py3-none-any.whl.metadata (3.8 kB)
#7 5.111 Collecting fonttools>=4.28.2 (from matplotlib->catboost==1.2.8)
#7 5.146   Downloading fonttools-4.65.0-cp311-cp311-manylinux2014_x86_64.manylinux_2_17_x86_64.whl.metadata (125 kB)
#7 5.162      ━━━━━━━━━━━━━━━━━━━━━━━━━━━━━━━━━━━━━━━ 125.0/125.0 kB 8.2 MB/s eta 0:00:00
#7 5.289 Collecting kiwisolver>=1.3.1 (from matplotlib->catboost==1.2.8)
#7 5.324   Downloading kiwisolver-1.5.1-cp311-cp311-manylinux2014_x86_64.manylinux_2_17_x86_64.whl.metadata (5.2 kB)
#7 5.332 Requirement already satisfied: packaging>=20.0 in /usr/local/lib/python3.11/site-packages (from matplotlib->catboost==1.2.8) (26.3)
#7 5.685 Collecting pillow>=9 (from matplotlib->catboost==1.2.8)
#7 5.719   Downloading pillow-12.3.0-cp311-cp311-manylinux_2_27_x86_64.manylinux_2_28_x86_64.whl.metadata (9.1 kB)
#7 5.777 Collecting pyparsing>=3 (from matplotlib->catboost==1.2.8)
#7 5.812   Downloading pyparsing-3.3.2-py3-none-any.whl.metadata (5.8 kB)
#7 5.934 Downloading scikit_learn-1.9.0-cp311-cp311-manylinux_2_27_x86_64.manylinux_2_28_x86_64.whl (9.3 MB)
#7 7.313    ━━━━━━━━━━━━━━━━━━━━━━━━━━━━━━━━━━━━━━━━ 9.3/9.3 MB 6.7 MB/s eta 0:00:00
#7 7.348 Downloading catboost-1.2.8-cp311-cp311-manylinux2014_x86_64.whl (99.2 MB)
#7 28.94    ━━━━━━━━━━━━━━━━━━━━━━━━━━━━━━━━━━━━━━━━ 99.2/99.2 MB 4.5 MB/s eta 0:00:00
#7 28.98 Downloading numpy-2.4.6-cp311-cp311-manylinux_2_27_x86_64.manylinux_2_28_x86_64.whl (16.9 MB)
#7 32.18    ━━━━━━━━━━━━━━━━━━━━━━━━━━━━━━━━━━━━━━━━ 16.9/16.9 MB 5.2 MB/s eta 0:00:00
#7 32.22 Downloading pandas-3.0.3-cp311-cp311-manylinux_2_24_x86_64.manylinux_2_28_x86_64.whl (11.3 MB)
#7 34.19    ━━━━━━━━━━━━━━━━━━━━━━━━━━━━━━━━━━━━━━━━ 11.3/11.3 MB 5.8 MB/s eta 0:00:00
#7 34.23 Downloading joblib-1.5.3-py3-none-any.whl (309 kB)
#7 34.29    ━━━━━━━━━━━━━━━━━━━━━━━━━━━━━━━━━━━━━━━━ 309.1/309.1 kB 5.1 MB/s eta 0:00:00
#7 34.33 Downloading openpyxl-3.1.5-py2.py3-none-any.whl (250 kB)
#7 34.37    ━━━━━━━━━━━━━━━━━━━━━━━━━━━━━━━━━━━━━━━━ 250.9/250.9 kB 5.4 MB/s eta 0:00:00
#7 34.41 Downloading narwhals-2.26.0-py3-none-any.whl (474 kB)
#7 34.52    ━━━━━━━━━━━━━━━━━━━━━━━━━━━━━━━━━━━━━━━━ 474.0/474.0 kB 4.3 MB/s eta 0:00:00
#7 34.55 Downloading python_dateutil-2.9.0.post0-py2.py3-none-any.whl (229 kB)
#7 34.60    ━━━━━━━━━━━━━━━━━━━━━━━━━━━━━━━━━━━━━━━━ 229.9/229.9 kB 5.4 MB/s eta 0:00:00
#7 34.63 Downloading scipy-1.17.1-cp311-cp311-manylinux_2_27_x86_64.manylinux_2_28_x86_64.whl (35.3 MB)
#7 41.55    ━━━━━━━━━━━━━━━━━━━━━━━━━━━━━━━━━━━━━━━━ 35.3/35.3 MB 5.5 MB/s eta 0:00:00
#7 41.58 Downloading six-1.17.0-py2.py3-none-any.whl (11 kB)
#7 41.62 Downloading threadpoolctl-3.7.0-py3-none-any.whl (26 kB)
#7 41.66 Downloading et_xmlfile-2.0.0-py3-none-any.whl (18 kB)
#7 41.69 Downloading graphviz-0.21-py3-none-any.whl (47 kB)
#7 41.70    ━━━━━━━━━━━━━━━━━━━━━━━━━━━━━━━━━━━━━━━━ 47.3/47.3 kB 12.9 MB/s eta 0:00:00
#7 41.73 Downloading matplotlib-3.11.2-cp311-cp311-manylinux2014_x86_64.manylinux_2_17_x86_64.whl (9.9 MB)
#7 43.32    ━━━━━━━━━━━━━━━━━━━━━━━━━━━━━━━━━━━━━━━━ 9.9/9.9 MB 6.2 MB/s eta 0:00:00
#7 43.36 Downloading plotly-7.1.0-py3-none-any.whl (9.7 MB)
#7 44.76    ━━━━━━━━━━━━━━━━━━━━━━━━━━━━━━━━━━━━━━━━ 9.7/9.7 MB 6.9 MB/s eta 0:00:00
#7 44.80 Downloading contourpy-1.3.3-cp311-cp311-manylinux_2_27_x86_64.manylinux_2_28_x86_64.whl (355 kB)
#7 44.84    ━━━━━━━━━━━━━━━━━━━━━━━━━━━━━━━━━━━━━━━━ 355.2/355.2 kB 8.9 MB/s eta 0:00:00
#7 44.88 Downloading cycler-0.12.1-py3-none-any.whl (8.3 kB)
#7 44.92 Downloading fonttools-4.65.0-cp311-cp311-manylinux2014_x86_64.manylinux_2_17_x86_64.whl (5.5 MB)
#7 45.84    ━━━━━━━━━━━━━━━━━━━━━━━━━━━━━━━━━━━━━━━━ 5.5/5.5 MB 5.9 MB/s eta 0:00:00
#7 45.87 Downloading kiwisolver-1.5.1-cp311-cp311-manylinux2014_x86_64.manylinux_2_17_x86_64.whl (1.4 MB)
#7 46.08    ━━━━━━━━━━━━━━━━━━━━━━━━━━━━━━━━━━━━━━━━ 1.4/1.4 MB 6.8 MB/s eta 0:00:00
#7 46.12 Downloading pillow-12.3.0-cp311-cp311-manylinux_2_27_x86_64.manylinux_2_28_x86_64.whl (6.9 MB)
#7 47.16    ━━━━━━━━━━━━━━━━━━━━━━━━━━━━━━━━━━━━━━━━ 6.9/6.9 MB 6.7 MB/s eta 0:00:00
#7 47.19 Downloading pyparsing-3.3.2-py3-none-any.whl (122 kB)
#7 47.21    ━━━━━━━━━━━━━━━━━━━━━━━━━━━━━━━━━━━━━━━━ 122.8/122.8 kB 9.4 MB/s eta 0:00:00
#7 47.61 Installing collected packages: threadpoolctl, six, pyparsing, pillow, numpy, narwhals, kiwisolver, joblib, graphviz, fonttools, et-xmlfile, cycler, scipy, python-dateutil, plotly, openpyxl, contourpy, scikit-learn, pandas, matplotlib, catboost
#7 65.60 Successfully installed catboost-1.2.8 contourpy-1.3.3 cycler-0.12.1 et-xmlfile-2.0.0 fonttools-4.65.0 graphviz-0.21 joblib-1.5.3 kiwisolver-1.5.1 matplotlib-3.11.2 narwhals-2.26.0 numpy-2.4.6 openpyxl-3.1.5 pandas-3.0.3 pillow-12.3.0 plotly-7.1.0 pyparsing-3.3.2 python-dateutil-2.9.0.post0 scikit-learn-1.9.0 scipy-1.17.1 six-1.17.0 threadpoolctl-3.7.0
#7 65.60 WARNING: Running pip as the 'root' user can result in broken permissions and conflicting behaviour with the system package manager. It is recommended to use a virtual environment instead: https://pip.pypa.io/warnings/venv
#7 65.82 
#7 65.82 [notice] A new release of pip is available: 24.0 -> 26.2.1
#7 65.82 [notice] To update, run: pip install --upgrade pip
#7 DONE 66.8s

#8 [4/4] COPY probe.py /w/probe.py
#8 DONE 0.1s

#9 exporting to image
#9 exporting layers
#9 exporting layers 28.5s done
#9 exporting manifest sha256:d4442ac33e79ce392b56c8c9caf9a691e0b3c579bd2cee827195e375285b1b7c 0.0s done
#9 exporting config sha256:0bf5d2e1a77936346bce253e2ba1354397d81ef69b2764d23fde96e10d1b130b 0.0s done
#9 exporting attestation manifest sha256:1e92108ec5582ff3b13510800f0fbb43da9b4912425b29ae203c3e21b2966e34 0.0s done
#9 exporting manifest list sha256:c96baa4638e81dbb1d9124d1ea1e126c2ac2435ff14033ec34b739ad8fa358e4 0.0s done
#9 naming to docker.io/library/audit-drift-sklearn-resolved:latest done
#9 unpacking to docker.io/library/audit-drift-sklearn-resolved:latest
#9 unpacking to docker.io/library/audit-drift-sklearn-resolved:latest 4.9s done
#9 DONE 33.5s
