#0 building with "desktop-linux" instance using docker driver

#1 [internal] load build definition from Dockerfile.catboost_resolved
#1 transferring dockerfile: 307B 0.0s done
#1 DONE 0.0s

#2 [internal] load metadata for docker.io/library/python@sha256:9534e5a8e315485d4061ed659af0fd78a284c015f9b73661b41d6bab25604534
#2 DONE 0.0s

#3 [internal] load .dockerignore
#3 transferring context: 2B done
#3 DONE 0.0s

#4 [internal] load build context
#4 transferring context: 30B done
#4 DONE 0.0s

#5 [1/4] FROM docker.io/library/python@sha256:9534e5a8e315485d4061ed659af0fd78a284c015f9b73661b41d6bab25604534
#5 resolve docker.io/library/python@sha256:9534e5a8e315485d4061ed659af0fd78a284c015f9b73661b41d6bab25604534 0.0s done
#5 DONE 0.0s

#6 [2/4] WORKDIR /w
#6 CACHED

#7 [3/4] RUN pip install --no-cache-dir scikit-learn==1.6.1 catboost==1.2.10 numpy==2.4.6 pandas==3.0.3 joblib==1.5.3 openpyxl==3.1.5
#7 1.909 Collecting scikit-learn==1.6.1
#7 2.046   Downloading scikit_learn-1.6.1-cp311-cp311-manylinux_2_17_x86_64.manylinux2014_x86_64.whl.metadata (18 kB)
#7 2.191 Collecting catboost==1.2.10
#7 2.231   Downloading catboost-1.2.10-cp311-cp311-manylinux2014_x86_64.whl.metadata (1.2 kB)
#7 2.580 Collecting numpy==2.4.6
#7 2.625   Downloading numpy-2.4.6-cp311-cp311-manylinux_2_27_x86_64.manylinux_2_28_x86_64.whl.metadata (6.6 kB)
#7 2.787 Collecting pandas==3.0.3
#7 2.828   Downloading pandas-3.0.3-cp311-cp311-manylinux_2_24_x86_64.manylinux_2_28_x86_64.whl.metadata (79 kB)
#7 2.877      ━━━━━━━━━━━━━━━━━━━━━━━━━━━━━━━━━━━━━━━━ 79.5/79.5 kB 1.7 MB/s eta 0:00:00
#7 2.939 Collecting joblib==1.5.3
#7 2.977   Downloading joblib-1.5.3-py3-none-any.whl.metadata (5.5 kB)
#7 3.029 Collecting openpyxl==3.1.5
#7 3.066   Downloading openpyxl-3.1.5-py2.py3-none-any.whl.metadata (2.5 kB)
#7 3.273 Collecting scipy>=1.6.0 (from scikit-learn==1.6.1)
#7 3.316   Downloading scipy-1.17.1-cp311-cp311-manylinux_2_27_x86_64.manylinux_2_28_x86_64.whl.metadata (62 kB)
#7 3.328      ━━━━━━━━━━━━━━━━━━━━━━━━━━━━━━━━━━━━━━━━ 62.1/62.1 kB 5.0 MB/s eta 0:00:00
#7 3.385 Collecting threadpoolctl>=3.1.0 (from scikit-learn==1.6.1)
#7 3.419   Downloading threadpoolctl-3.7.0-py3-none-any.whl.metadata (24 kB)
#7 3.520 Collecting graphviz (from catboost==1.2.10)
#7 3.572   Downloading graphviz-0.21-py3-none-any.whl.metadata (12 kB)
#7 3.785 Collecting matplotlib (from catboost==1.2.10)
#7 3.823   Downloading matplotlib-3.11.2-cp311-cp311-manylinux2014_x86_64.manylinux_2_17_x86_64.whl.metadata (80 kB)
#7 3.835      ━━━━━━━━━━━━━━━━━━━━━━━━━━━━━━━━━━━━━━━━ 80.3/80.3 kB 7.0 MB/s eta 0:00:00
#7 3.935 Collecting plotly (from catboost==1.2.10)
#7 3.973   Downloading plotly-7.1.0-py3-none-any.whl.metadata (8.8 kB)
#7 4.021 Collecting six (from catboost==1.2.10)
#7 4.058   Downloading six-1.17.0-py2.py3-none-any.whl.metadata (1.7 kB)
#7 4.154 Collecting python-dateutil>=2.8.2 (from pandas==3.0.3)
#7 4.192   Downloading python_dateutil-2.9.0.post0-py2.py3-none-any.whl.metadata (8.4 kB)
#7 4.234 Collecting et-xmlfile (from openpyxl==3.1.5)
#7 4.270   Downloading et_xmlfile-2.0.0-py3-none-any.whl.metadata (2.7 kB)
#7 4.462 Collecting contourpy>=1.0.1 (from matplotlib->catboost==1.2.10)
#7 4.500   Downloading contourpy-1.3.3-cp311-cp311-manylinux_2_27_x86_64.manylinux_2_28_x86_64.whl.metadata (5.5 kB)
#7 4.548 Collecting cycler>=0.10 (from matplotlib->catboost==1.2.10)
#7 4.587   Downloading cycler-0.12.1-py3-none-any.whl.metadata (3.8 kB)
#7 4.822 Collecting fonttools>=4.28.2 (from matplotlib->catboost==1.2.10)
#7 4.860   Downloading fonttools-4.65.0-cp311-cp311-manylinux2014_x86_64.manylinux_2_17_x86_64.whl.metadata (125 kB)
#7 4.877      ━━━━━━━━━━━━━━━━━━━━━━━━━━━━━━━━━━━━━━━ 125.0/125.0 kB 8.2 MB/s eta 0:00:00
#7 4.985 Collecting kiwisolver>=1.3.1 (from matplotlib->catboost==1.2.10)
#7 5.022   Downloading kiwisolver-1.5.1-cp311-cp311-manylinux2014_x86_64.manylinux_2_17_x86_64.whl.metadata (5.2 kB)
#7 5.036 Requirement already satisfied: packaging>=20.0 in /usr/local/lib/python3.11/site-packages (from matplotlib->catboost==1.2.10) (26.3)
#7 5.356 Collecting pillow>=9 (from matplotlib->catboost==1.2.10)
#7 5.394   Downloading pillow-12.3.0-cp311-cp311-manylinux_2_27_x86_64.manylinux_2_28_x86_64.whl.metadata (9.1 kB)
#7 5.452 Collecting pyparsing>=3 (from matplotlib->catboost==1.2.10)
#7 5.488   Downloading pyparsing-3.3.2-py3-none-any.whl.metadata (5.8 kB)
#7 5.618 Collecting narwhals>=1.15.1 (from plotly->catboost==1.2.10)
#7 5.656   Downloading narwhals-2.26.0-py3-none-any.whl.metadata (15 kB)
#7 5.754 Downloading scikit_learn-1.6.1-cp311-cp311-manylinux_2_17_x86_64.manylinux2014_x86_64.whl (13.5 MB)
#7 7.836    ━━━━━━━━━━━━━━━━━━━━━━━━━━━━━━━━━━━━━━━━ 13.5/13.5 MB 6.8 MB/s eta 0:00:00
#7 7.876 Downloading catboost-1.2.10-cp311-cp311-manylinux2014_x86_64.whl (97.2 MB)
#7 23.67    ━━━━━━━━━━━━━━━━━━━━━━━━━━━━━━━━━━━━━━━━ 97.2/97.2 MB 5.7 MB/s eta 0:00:00
#7 23.71 Downloading numpy-2.4.6-cp311-cp311-manylinux_2_27_x86_64.manylinux_2_28_x86_64.whl (16.9 MB)
#7 26.45    ━━━━━━━━━━━━━━━━━━━━━━━━━━━━━━━━━━━━━━━━ 16.9/16.9 MB 6.2 MB/s eta 0:00:00
#7 26.48 Downloading pandas-3.0.3-cp311-cp311-manylinux_2_24_x86_64.manylinux_2_28_x86_64.whl (11.3 MB)
#7 28.46    ━━━━━━━━━━━━━━━━━━━━━━━━━━━━━━━━━━━━━━━━ 11.3/11.3 MB 5.6 MB/s eta 0:00:00
#7 28.49 Downloading joblib-1.5.3-py3-none-any.whl (309 kB)
#7 28.54    ━━━━━━━━━━━━━━━━━━━━━━━━━━━━━━━━━━━━━━━━ 309.1/309.1 kB 7.3 MB/s eta 0:00:00
#7 28.57 Downloading openpyxl-3.1.5-py2.py3-none-any.whl (250 kB)
#7 28.67    ━━━━━━━━━━━━━━━━━━━━━━━━━━━━━━━━━━━━━━━━ 250.9/250.9 kB 2.5 MB/s eta 0:00:00
#7 28.71 Downloading python_dateutil-2.9.0.post0-py2.py3-none-any.whl (229 kB)
#7 28.75    ━━━━━━━━━━━━━━━━━━━━━━━━━━━━━━━━━━━━━━━━ 229.9/229.9 kB 5.5 MB/s eta 0:00:00
#7 28.79 Downloading scipy-1.17.1-cp311-cp311-manylinux_2_27_x86_64.manylinux_2_28_x86_64.whl (35.3 MB)
#7 34.94    ━━━━━━━━━━━━━━━━━━━━━━━━━━━━━━━━━━━━━━━━ 35.3/35.3 MB 6.7 MB/s eta 0:00:00
#7 34.98 Downloading six-1.17.0-py2.py3-none-any.whl (11 kB)
#7 35.02 Downloading threadpoolctl-3.7.0-py3-none-any.whl (26 kB)
#7 35.06 Downloading et_xmlfile-2.0.0-py3-none-any.whl (18 kB)
#7 35.10 Downloading graphviz-0.21-py3-none-any.whl (47 kB)
#7 35.10    ━━━━━━━━━━━━━━━━━━━━━━━━━━━━━━━━━━━━━━━━ 47.3/47.3 kB 13.6 MB/s eta 0:00:00
#7 35.14 Downloading matplotlib-3.11.2-cp311-cp311-manylinux2014_x86_64.manylinux_2_17_x86_64.whl (9.9 MB)
#7 36.86    ━━━━━━━━━━━━━━━━━━━━━━━━━━━━━━━━━━━━━━━━ 9.9/9.9 MB 5.7 MB/s eta 0:00:00
#7 36.90 Downloading plotly-7.1.0-py3-none-any.whl (9.7 MB)
#7 38.39    ━━━━━━━━━━━━━━━━━━━━━━━━━━━━━━━━━━━━━━━━ 9.7/9.7 MB 6.5 MB/s eta 0:00:00
#7 38.43 Downloading contourpy-1.3.3-cp311-cp311-manylinux_2_27_x86_64.manylinux_2_28_x86_64.whl (355 kB)
#7 38.49    ━━━━━━━━━━━━━━━━━━━━━━━━━━━━━━━━━━━━━━━━ 355.2/355.2 kB 6.7 MB/s eta 0:00:00
#7 38.52 Downloading cycler-0.12.1-py3-none-any.whl (8.3 kB)
#7 38.56 Downloading fonttools-4.65.0-cp311-cp311-manylinux2014_x86_64.manylinux_2_17_x86_64.whl (5.5 MB)
#7 39.35    ━━━━━━━━━━━━━━━━━━━━━━━━━━━━━━━━━━━━━━━━ 5.5/5.5 MB 6.9 MB/s eta 0:00:00
#7 39.39 Downloading kiwisolver-1.5.1-cp311-cp311-manylinux2014_x86_64.manylinux_2_17_x86_64.whl (1.4 MB)
#7 39.59    ━━━━━━━━━━━━━━━━━━━━━━━━━━━━━━━━━━━━━━━━ 1.4/1.4 MB 7.2 MB/s eta 0:00:00
#7 39.63 Downloading narwhals-2.26.0-py3-none-any.whl (474 kB)
#7 39.69    ━━━━━━━━━━━━━━━━━━━━━━━━━━━━━━━━━━━━━━━━ 474.0/474.0 kB 8.4 MB/s eta 0:00:00
#7 39.73 Downloading pillow-12.3.0-cp311-cp311-manylinux_2_27_x86_64.manylinux_2_28_x86_64.whl (6.9 MB)
#7 40.70    ━━━━━━━━━━━━━━━━━━━━━━━━━━━━━━━━━━━━━━━━ 6.9/6.9 MB 7.1 MB/s eta 0:00:00
#7 40.74 Downloading pyparsing-3.3.2-py3-none-any.whl (122 kB)
#7 40.76    ━━━━━━━━━━━━━━━━━━━━━━━━━━━━━━━━━━━━━━━━ 122.8/122.8 kB 11.3 MB/s eta 0:00:00
#7 41.17 Installing collected packages: threadpoolctl, six, pyparsing, pillow, numpy, narwhals, kiwisolver, joblib, graphviz, fonttools, et-xmlfile, cycler, scipy, python-dateutil, plotly, openpyxl, contourpy, scikit-learn, pandas, matplotlib, catboost
#7 58.01 Successfully installed catboost-1.2.10 contourpy-1.3.3 cycler-0.12.1 et-xmlfile-2.0.0 fonttools-4.65.0 graphviz-0.21 joblib-1.5.3 kiwisolver-1.5.1 matplotlib-3.11.2 narwhals-2.26.0 numpy-2.4.6 openpyxl-3.1.5 pandas-3.0.3 pillow-12.3.0 plotly-7.1.0 pyparsing-3.3.2 python-dateutil-2.9.0.post0 scikit-learn-1.6.1 scipy-1.17.1 six-1.17.0 threadpoolctl-3.7.0
#7 58.01 WARNING: Running pip as the 'root' user can result in broken permissions and conflicting behaviour with the system package manager. It is recommended to use a virtual environment instead: https://pip.pypa.io/warnings/venv
#7 58.22 
#7 58.22 [notice] A new release of pip is available: 24.0 -> 26.2.1
#7 58.22 [notice] To update, run: pip install --upgrade pip
#7 DONE 59.2s

#8 [4/4] COPY probe.py /w/probe.py
#8 DONE 0.1s

#9 exporting to image
#9 exporting layers
#9 exporting layers 27.9s done
#9 exporting manifest sha256:68bd6f175746358789fc2ce70b5db283eedb0dc4dceb07de792ef841202ce8e1 0.0s done
#9 exporting config sha256:43651b8593b8550286fd4025baf794fd623aa317d208dc0788397bff18146e09 0.0s done
#9 exporting attestation manifest sha256:869b75a41be348267ccb182bbea64b80b83c55cb04494427a1418c25cf75a2e6 0.0s done
#9 exporting manifest list sha256:fbf5ff16e30ac496d2c32eef818cbdff60dd386f5e81cc1ba61214b01b422281 0.0s done
#9 naming to docker.io/library/audit-drift-catboost-resolved:latest done
#9 unpacking to docker.io/library/audit-drift-catboost-resolved:latest
#9 unpacking to docker.io/library/audit-drift-catboost-resolved:latest 4.9s done
#9 DONE 33.0s
