#0 building with "desktop-linux" instance using docker driver

#1 [internal] load build definition from Dockerfile.resolved
#1 transferring dockerfile: 298B done
#1 DONE 0.0s

#2 [internal] load metadata for docker.io/library/python@sha256:9534e5a8e315485d4061ed659af0fd78a284c015f9b73661b41d6bab25604534
#2 DONE 0.0s

#3 [internal] load .dockerignore
#3 transferring context: 2B done
#3 DONE 0.0s

#4 [internal] load build context
#4 transferring context: 30B done
#4 DONE 0.0s

#5 [1/4] FROM docker.io/library/python@sha256:9534e5a8e315485d4061ed659af0fd78a284c015f9b73661b41d6bab25604534
#5 resolve docker.io/library/python@sha256:9534e5a8e315485d4061ed659af0fd78a284c015f9b73661b41d6bab25604534 0.0s done
#5 DONE 0.0s

#6 [2/4] WORKDIR /w
#6 CACHED

#7 [3/4] RUN pip install --no-cache-dir scikit-learn==1.9.0 catboost==1.2.10 numpy==2.4.6 pandas==3.0.3 joblib==1.5.3 openpyxl==3.1.5
#7 1.944 Collecting scikit-learn==1.9.0
#7 2.088   Downloading scikit_learn-1.9.0-cp311-cp311-manylinux_2_27_x86_64.manylinux_2_28_x86_64.whl.metadata (11 kB)
#7 2.230 Collecting catboost==1.2.10
#7 2.269   Downloading catboost-1.2.10-cp311-cp311-manylinux2014_x86_64.whl.metadata (1.2 kB)
#7 2.580 Collecting numpy==2.4.6
#7 2.618   Downloading numpy-2.4.6-cp311-cp311-manylinux_2_27_x86_64.manylinux_2_28_x86_64.whl.metadata (6.6 kB)
#7 2.815 Collecting pandas==3.0.3
#7 2.855   Downloading pandas-3.0.3-cp311-cp311-manylinux_2_24_x86_64.manylinux_2_28_x86_64.whl.metadata (79 kB)
#7 2.903      ━━━━━━━━━━━━━━━━━━━━━━━━━━━━━━━━━━━━━━━━ 79.5/79.5 kB 1.6 MB/s eta 0:00:00
#7 2.968 Collecting joblib==1.5.3
#7 3.008   Downloading joblib-1.5.3-py3-none-any.whl.metadata (5.5 kB)
#7 3.061 Collecting openpyxl==3.1.5
#7 3.098   Downloading openpyxl-3.1.5-py2.py3-none-any.whl.metadata (2.5 kB)
#7 3.326 Collecting scipy>=1.10.0 (from scikit-learn==1.9.0)
#7 3.365   Downloading scipy-1.17.1-cp311-cp311-manylinux_2_27_x86_64.manylinux_2_28_x86_64.whl.metadata (62 kB)
#7 3.376      ━━━━━━━━━━━━━━━━━━━━━━━━━━━━━━━━━━━━━━━━ 62.1/62.1 kB 5.8 MB/s eta 0:00:00
#7 3.521 Collecting narwhals>=2.0.1 (from scikit-learn==1.9.0)
#7 3.571   Downloading narwhals-2.26.0-py3-none-any.whl.metadata (15 kB)
#7 3.616 Collecting threadpoolctl>=3.5.0 (from scikit-learn==1.9.0)
#7 3.653   Downloading threadpoolctl-3.7.0-py3-none-any.whl.metadata (24 kB)
#7 3.721 Collecting graphviz (from catboost==1.2.10)
#7 3.760   Downloading graphviz-0.21-py3-none-any.whl.metadata (12 kB)
#7 3.966 Collecting matplotlib (from catboost==1.2.10)
#7 4.004   Downloading matplotlib-3.11.2-cp311-cp311-manylinux2014_x86_64.manylinux_2_17_x86_64.whl.metadata (80 kB)
#7 4.016      ━━━━━━━━━━━━━━━━━━━━━━━━━━━━━━━━━━━━━━━━ 80.3/80.3 kB 7.2 MB/s eta 0:00:00
#7 4.110 Collecting plotly (from catboost==1.2.10)
#7 4.146   Downloading plotly-7.1.0-py3-none-any.whl.metadata (8.8 kB)
#7 4.197 Collecting six (from catboost==1.2.10)
#7 4.236   Downloading six-1.17.0-py2.py3-none-any.whl.metadata (1.7 kB)
#7 4.327 Collecting python-dateutil>=2.8.2 (from pandas==3.0.3)
#7 4.366   Downloading python_dateutil-2.9.0.post0-py2.py3-none-any.whl.metadata (8.4 kB)
#7 4.413 Collecting et-xmlfile (from openpyxl==3.1.5)
#7 4.452   Downloading et_xmlfile-2.0.0-py3-none-any.whl.metadata (2.7 kB)
#7 4.649 Collecting contourpy>=1.0.1 (from matplotlib->catboost==1.2.10)
#7 4.687   Downloading contourpy-1.3.3-cp311-cp311-manylinux_2_27_x86_64.manylinux_2_28_x86_64.whl.metadata (5.5 kB)
#7 4.733 Collecting cycler>=0.10 (from matplotlib->catboost==1.2.10)
#7 4.771   Downloading cycler-0.12.1-py3-none-any.whl.metadata (3.8 kB)
#7 5.012 Collecting fonttools>=4.28.2 (from matplotlib->catboost==1.2.10)
#7 5.049   Downloading fonttools-4.65.0-cp311-cp311-manylinux2014_x86_64.manylinux_2_17_x86_64.whl.metadata (125 kB)
#7 5.079      ━━━━━━━━━━━━━━━━━━━━━━━━━━━━━━━━━━━━━━━ 125.0/125.0 kB 4.4 MB/s eta 0:00:00
#7 5.198 Collecting kiwisolver>=1.3.1 (from matplotlib->catboost==1.2.10)
#7 5.235   Downloading kiwisolver-1.5.1-cp311-cp311-manylinux2014_x86_64.manylinux_2_17_x86_64.whl.metadata (5.2 kB)
#7 5.247 Requirement already satisfied: packaging>=20.0 in /usr/local/lib/python3.11/site-packages (from matplotlib->catboost==1.2.10) (26.3)
#7 5.532 Collecting pillow>=9 (from matplotlib->catboost==1.2.10)
#7 5.571   Downloading pillow-12.3.0-cp311-cp311-manylinux_2_27_x86_64.manylinux_2_28_x86_64.whl.metadata (9.1 kB)
#7 5.641 Collecting pyparsing>=3 (from matplotlib->catboost==1.2.10)
#7 5.681   Downloading pyparsing-3.3.2-py3-none-any.whl.metadata (5.8 kB)
#7 5.808 Downloading scikit_learn-1.9.0-cp311-cp311-manylinux_2_27_x86_64.manylinux_2_28_x86_64.whl (9.3 MB)
#7 10.34    ━━━━━━━━━━━━━━━━━━━━━━━━━━━━━━━━━━━━━━━━ 9.3/9.3 MB 2.0 MB/s eta 0:00:00
#7 10.38 Downloading catboost-1.2.10-cp311-cp311-manylinux2014_x86_64.whl (97.2 MB)
#7 27.72    ━━━━━━━━━━━━━━━━━━━━━━━━━━━━━━━━━━━━━━━━ 97.2/97.2 MB 6.5 MB/s eta 0:00:00
#7 27.76 Downloading numpy-2.4.6-cp311-cp311-manylinux_2_27_x86_64.manylinux_2_28_x86_64.whl (16.9 MB)
#7 30.52    ━━━━━━━━━━━━━━━━━━━━━━━━━━━━━━━━━━━━━━━━ 16.9/16.9 MB 5.9 MB/s eta 0:00:00
#7 30.56 Downloading pandas-3.0.3-cp311-cp311-manylinux_2_24_x86_64.manylinux_2_28_x86_64.whl (11.3 MB)
#7 32.85    ━━━━━━━━━━━━━━━━━━━━━━━━━━━━━━━━━━━━━━━━ 11.3/11.3 MB 4.9 MB/s eta 0:00:00
#7 32.89 Downloading joblib-1.5.3-py3-none-any.whl (309 kB)
#7 32.94    ━━━━━━━━━━━━━━━━━━━━━━━━━━━━━━━━━━━━━━━━ 309.1/309.1 kB 6.0 MB/s eta 0:00:00
#7 32.98 Downloading openpyxl-3.1.5-py2.py3-none-any.whl (250 kB)
#7 33.03    ━━━━━━━━━━━━━━━━━━━━━━━━━━━━━━━━━━━━━━━━ 250.9/250.9 kB 5.0 MB/s eta 0:00:00
#7 33.06 Downloading narwhals-2.26.0-py3-none-any.whl (474 kB)
#7 33.16    ━━━━━━━━━━━━━━━━━━━━━━━━━━━━━━━━━━━━━━━━ 474.0/474.0 kB 4.9 MB/s eta 0:00:00
#7 33.20 Downloading python_dateutil-2.9.0.post0-py2.py3-none-any.whl (229 kB)
#7 33.25    ━━━━━━━━━━━━━━━━━━━━━━━━━━━━━━━━━━━━━━━━ 229.9/229.9 kB 4.3 MB/s eta 0:00:00
#7 33.29 Downloading scipy-1.17.1-cp311-cp311-manylinux_2_27_x86_64.manylinux_2_28_x86_64.whl (35.3 MB)
#7 41.91    ━━━━━━━━━━━━━━━━━━━━━━━━━━━━━━━━━━━━━━━━ 35.3/35.3 MB 3.6 MB/s eta 0:00:00
#7 41.95 Downloading six-1.17.0-py2.py3-none-any.whl (11 kB)
#7 41.98 Downloading threadpoolctl-3.7.0-py3-none-any.whl (26 kB)
#7 42.02 Downloading et_xmlfile-2.0.0-py3-none-any.whl (18 kB)
#7 42.07 Downloading graphviz-0.21-py3-none-any.whl (47 kB)
#7 42.08    ━━━━━━━━━━━━━━━━━━━━━━━━━━━━━━━━━━━━━━━━ 47.3/47.3 kB 5.0 MB/s eta 0:00:00
#7 42.12 Downloading matplotlib-3.11.2-cp311-cp311-manylinux2014_x86_64.manylinux_2_17_x86_64.whl (9.9 MB)
#7 44.99    ━━━━━━━━━━━━━━━━━━━━━━━━━━━━━━━━━━━━━━━━ 9.9/9.9 MB 3.4 MB/s eta 0:00:00
#7 45.03 Downloading plotly-7.1.0-py3-none-any.whl (9.7 MB)
#7 47.58    ━━━━━━━━━━━━━━━━━━━━━━━━━━━━━━━━━━━━━━━━ 9.7/9.7 MB 3.8 MB/s eta 0:00:00
#7 47.62 Downloading contourpy-1.3.3-cp311-cp311-manylinux_2_27_x86_64.manylinux_2_28_x86_64.whl (355 kB)
#7 47.69    ━━━━━━━━━━━━━━━━━━━━━━━━━━━━━━━━━━━━━━━━ 355.2/355.2 kB 4.8 MB/s eta 0:00:00
#7 47.73 Downloading cycler-0.12.1-py3-none-any.whl (8.3 kB)
#7 47.77 Downloading fonttools-4.65.0-cp311-cp311-manylinux2014_x86_64.manylinux_2_17_x86_64.whl (5.5 MB)
#7 49.07    ━━━━━━━━━━━━━━━━━━━━━━━━━━━━━━━━━━━━━━━━ 5.5/5.5 MB 4.2 MB/s eta 0:00:00
#7 49.11 Downloading kiwisolver-1.5.1-cp311-cp311-manylinux2014_x86_64.manylinux_2_17_x86_64.whl (1.4 MB)
#7 49.39    ━━━━━━━━━━━━━━━━━━━━━━━━━━━━━━━━━━━━━━━━ 1.4/1.4 MB 5.1 MB/s eta 0:00:00
#7 49.44 Downloading pillow-12.3.0-cp311-cp311-manylinux_2_27_x86_64.manylinux_2_28_x86_64.whl (6.9 MB)
#7 50.82    ━━━━━━━━━━━━━━━━━━━━━━━━━━━━━━━━━━━━━━━━ 6.9/6.9 MB 5.0 MB/s eta 0:00:00
#7 50.86 Downloading pyparsing-3.3.2-py3-none-any.whl (122 kB)
#7 50.87    ━━━━━━━━━━━━━━━━━━━━━━━━━━━━━━━━━━━━━━━━ 122.8/122.8 kB 7.7 MB/s eta 0:00:00
#7 51.31 Installing collected packages: threadpoolctl, six, pyparsing, pillow, numpy, narwhals, kiwisolver, joblib, graphviz, fonttools, et-xmlfile, cycler, scipy, python-dateutil, plotly, openpyxl, contourpy, scikit-learn, pandas, matplotlib, catboost
#7 69.03 Successfully installed catboost-1.2.10 contourpy-1.3.3 cycler-0.12.1 et-xmlfile-2.0.0 fonttools-4.65.0 graphviz-0.21 joblib-1.5.3 kiwisolver-1.5.1 matplotlib-3.11.2 narwhals-2.26.0 numpy-2.4.6 openpyxl-3.1.5 pandas-3.0.3 pillow-12.3.0 plotly-7.1.0 pyparsing-3.3.2 python-dateutil-2.9.0.post0 scikit-learn-1.9.0 scipy-1.17.1 six-1.17.0 threadpoolctl-3.7.0
#7 69.03 WARNING: Running pip as the 'root' user can result in broken permissions and conflicting behaviour with the system package manager. It is recommended to use a virtual environment instead: https://pip.pypa.io/warnings/venv
#7 69.24 
#7 69.24 [notice] A new release of pip is available: 24.0 -> 26.2.1
#7 69.24 [notice] To update, run: pip install --upgrade pip
#7 DONE 70.1s

#8 [4/4] COPY probe.py /w/probe.py
#8 DONE 0.1s

#9 exporting to image
#9 exporting layers
#9 exporting layers 28.0s done
#9 exporting manifest sha256:61adef69e86279ecf67c07f94b3fa8e12f2f99e86476dd6a080b0bf90c7f8cc0 0.0s done
#9 exporting config sha256:dcffd12cfb9043ba86383f269ebb719440814a6622bcde3ff484e71f2020c615 0.0s done
#9 exporting attestation manifest sha256:fc76be2e2780cfdc10f6706237acadbb62f7fd9716ff8f0170975802d988e664 0.0s done
#9 exporting manifest list sha256:906ea93f59fbf30c3c1269c3b1e7f4db0c62b813c1bf4acbeeb1a0e9bbf85c4d 0.0s done
#9 naming to docker.io/library/audit-drift-resolved:latest done
#9 unpacking to docker.io/library/audit-drift-resolved:latest
#9 unpacking to docker.io/library/audit-drift-resolved:latest 5.0s done
#9 DONE 33.1s
