#0 building with "desktop-linux" instance using docker driver

#1 [internal] load build definition from Dockerfile.training
#1 transferring dockerfile: 297B 0.0s done
#1 DONE 0.0s

#2 [internal] load metadata for docker.io/library/python@sha256:9534e5a8e315485d4061ed659af0fd78a284c015f9b73661b41d6bab25604534
#2 DONE 1.2s

#3 [internal] load .dockerignore
#3 transferring context: 2B done
#3 DONE 0.0s

#4 [internal] load build context
#4 transferring context: 2.50kB done
#4 DONE 0.0s

#5 [1/4] FROM docker.io/library/python@sha256:9534e5a8e315485d4061ed659af0fd78a284c015f9b73661b41d6bab25604534
#5 resolve docker.io/library/python@sha256:9534e5a8e315485d4061ed659af0fd78a284c015f9b73661b41d6bab25604534 0.0s done
#5 DONE 0.0s

#6 [2/4] WORKDIR /w
#6 CACHED

#7 [3/4] RUN pip install --no-cache-dir scikit-learn==1.6.1 catboost==1.2.8 numpy==2.4.6 pandas==3.0.3 joblib==1.5.3 openpyxl==3.1.5
#7 1.255 Collecting scikit-learn==1.6.1
#7 1.421   Downloading scikit_learn-1.6.1-cp311-cp311-manylinux_2_17_x86_64.manylinux2014_x86_64.whl.metadata (18 kB)
#7 1.512 Collecting catboost==1.2.8
#7 1.552   Downloading catboost-1.2.8-cp311-cp311-manylinux2014_x86_64.whl.metadata (1.2 kB)
#7 1.770 Collecting numpy==2.4.6
#7 1.807   Downloading numpy-2.4.6-cp311-cp311-manylinux_2_27_x86_64.manylinux_2_28_x86_64.whl.metadata (6.6 kB)
#7 1.982 Collecting pandas==3.0.3
#7 2.020   Downloading pandas-3.0.3-cp311-cp311-manylinux_2_24_x86_64.manylinux_2_28_x86_64.whl.metadata (79 kB)
#7 2.066      ━━━━━━━━━━━━━━━━━━━━━━━━━━━━━━━━━━━━━━━━ 79.5/79.5 kB 1.7 MB/s eta 0:00:00
#7 2.121 Collecting joblib==1.5.3
#7 2.158   Downloading joblib-1.5.3-py3-none-any.whl.metadata (5.5 kB)
#7 2.204 Collecting openpyxl==3.1.5
#7 2.240   Downloading openpyxl-3.1.5-py2.py3-none-any.whl.metadata (2.5 kB)
#7 2.402 Collecting scipy>=1.6.0 (from scikit-learn==1.6.1)
#7 2.443   Downloading scipy-1.17.1-cp311-cp311-manylinux_2_27_x86_64.manylinux_2_28_x86_64.whl.metadata (62 kB)
#7 2.451      ━━━━━━━━━━━━━━━━━━━━━━━━━━━━━━━━━━━━━━━━ 62.1/62.1 kB 9.3 MB/s eta 0:00:00
#7 2.499 Collecting threadpoolctl>=3.1.0 (from scikit-learn==1.6.1)
#7 2.536   Downloading threadpoolctl-3.7.0-py3-none-any.whl.metadata (24 kB)
#7 2.616 Collecting graphviz (from catboost==1.2.8)
#7 2.654   Downloading graphviz-0.21-py3-none-any.whl.metadata (12 kB)
#7 2.787 Collecting matplotlib (from catboost==1.2.8)
#7 2.825   Downloading matplotlib-3.11.2-cp311-cp311-manylinux2014_x86_64.manylinux_2_17_x86_64.whl.metadata (80 kB)
#7 2.836      ━━━━━━━━━━━━━━━━━━━━━━━━━━━━━━━━━━━━━━━━ 80.3/80.3 kB 8.2 MB/s eta 0:00:00
#7 2.911 Collecting plotly (from catboost==1.2.8)
#7 2.948   Downloading plotly-7.1.0-py3-none-any.whl.metadata (8.8 kB)
#7 2.990 Collecting six (from catboost==1.2.8)
#7 3.027   Downloading six-1.17.0-py2.py3-none-any.whl.metadata (1.7 kB)
#7 3.099 Collecting python-dateutil>=2.8.2 (from pandas==3.0.3)
#7 3.137   Downloading python_dateutil-2.9.0.post0-py2.py3-none-any.whl.metadata (8.4 kB)
#7 3.181 Collecting et-xmlfile (from openpyxl==3.1.5)
#7 3.218   Downloading et_xmlfile-2.0.0-py3-none-any.whl.metadata (2.7 kB)
#7 3.361 Collecting contourpy>=1.0.1 (from matplotlib->catboost==1.2.8)
#7 3.399   Downloading contourpy-1.3.3-cp311-cp311-manylinux_2_27_x86_64.manylinux_2_28_x86_64.whl.metadata (5.5 kB)
#7 3.440 Collecting cycler>=0.10 (from matplotlib->catboost==1.2.8)
#7 3.476   Downloading cycler-0.12.1-py3-none-any.whl.metadata (3.8 kB)
#7 3.629 Collecting fonttools>=4.28.2 (from matplotlib->catboost==1.2.8)
#7 3.667   Downloading fonttools-4.65.0-cp311-cp311-manylinux2014_x86_64.manylinux_2_17_x86_64.whl.metadata (125 kB)
#7 3.683      ━━━━━━━━━━━━━━━━━━━━━━━━━━━━━━━━━━━━━━━ 125.0/125.0 kB 8.5 MB/s eta 0:00:00
#7 3.765 Collecting kiwisolver>=1.3.1 (from matplotlib->catboost==1.2.8)
#7 3.803   Downloading kiwisolver-1.5.1-cp311-cp311-manylinux2014_x86_64.manylinux_2_17_x86_64.whl.metadata (5.2 kB)
#7 3.810 Requirement already satisfied: packaging>=20.0 in /usr/local/lib/python3.11/site-packages (from matplotlib->catboost==1.2.8) (26.3)
#7 4.021 Collecting pillow>=9 (from matplotlib->catboost==1.2.8)
#7 4.058   Downloading pillow-12.3.0-cp311-cp311-manylinux_2_27_x86_64.manylinux_2_28_x86_64.whl.metadata (9.1 kB)
#7 4.111 Collecting pyparsing>=3 (from matplotlib->catboost==1.2.8)
#7 4.149   Downloading pyparsing-3.3.2-py3-none-any.whl.metadata (5.8 kB)
#7 4.243 Collecting narwhals>=1.15.1 (from plotly->catboost==1.2.8)
#7 4.281   Downloading narwhals-2.26.0-py3-none-any.whl.metadata (15 kB)
#7 4.366 Downloading scikit_learn-1.6.1-cp311-cp311-manylinux_2_17_x86_64.manylinux2014_x86_64.whl (13.5 MB)
#7 5.605    ━━━━━━━━━━━━━━━━━━━━━━━━━━━━━━━━━━━━━━━━ 13.5/13.5 MB 11.3 MB/s eta 0:00:00
#7 5.642 Downloading catboost-1.2.8-cp311-cp311-manylinux2014_x86_64.whl (99.2 MB)
#7 22.34    ━━━━━━━━━━━━━━━━━━━━━━━━━━━━━━━━━━━━━━━━ 99.2/99.2 MB 6.1 MB/s eta 0:00:00
#7 22.38 Downloading numpy-2.4.6-cp311-cp311-manylinux_2_27_x86_64.manylinux_2_28_x86_64.whl (16.9 MB)
#7 24.94    ━━━━━━━━━━━━━━━━━━━━━━━━━━━━━━━━━━━━━━━━ 16.9/16.9 MB 6.7 MB/s eta 0:00:00
#7 24.98 Downloading pandas-3.0.3-cp311-cp311-manylinux_2_24_x86_64.manylinux_2_28_x86_64.whl (11.3 MB)
#7 26.57    ━━━━━━━━━━━━━━━━━━━━━━━━━━━━━━━━━━━━━━━━ 11.3/11.3 MB 7.1 MB/s eta 0:00:00
#7 26.61 Downloading joblib-1.5.3-py3-none-any.whl (309 kB)
#7 26.65    ━━━━━━━━━━━━━━━━━━━━━━━━━━━━━━━━━━━━━━━━ 309.1/309.1 kB 8.6 MB/s eta 0:00:00
#7 26.69 Downloading openpyxl-3.1.5-py2.py3-none-any.whl (250 kB)
#7 26.72    ━━━━━━━━━━━━━━━━━━━━━━━━━━━━━━━━━━━━━━━━ 250.9/250.9 kB 10.4 MB/s eta 0:00:00
#7 26.75 Downloading python_dateutil-2.9.0.post0-py2.py3-none-any.whl (229 kB)
#7 26.78    ━━━━━━━━━━━━━━━━━━━━━━━━━━━━━━━━━━━━━━━━ 229.9/229.9 kB 10.9 MB/s eta 0:00:00
#7 26.81 Downloading scipy-1.17.1-cp311-cp311-manylinux_2_27_x86_64.manylinux_2_28_x86_64.whl (35.3 MB)
#7 31.56    ━━━━━━━━━━━━━━━━━━━━━━━━━━━━━━━━━━━━━━━━ 35.3/35.3 MB 8.5 MB/s eta 0:00:00
#7 31.60 Downloading six-1.17.0-py2.py3-none-any.whl (11 kB)
#7 31.63 Downloading threadpoolctl-3.7.0-py3-none-any.whl (26 kB)
#7 31.67 Downloading et_xmlfile-2.0.0-py3-none-any.whl (18 kB)
#7 31.71 Downloading graphviz-0.21-py3-none-any.whl (47 kB)
#7 31.71    ━━━━━━━━━━━━━━━━━━━━━━━━━━━━━━━━━━━━━━━━ 47.3/47.3 kB 26.9 MB/s eta 0:00:00
#7 31.75 Downloading matplotlib-3.11.2-cp311-cp311-manylinux2014_x86_64.manylinux_2_17_x86_64.whl (9.9 MB)
#7 33.18    ━━━━━━━━━━━━━━━━━━━━━━━━━━━━━━━━━━━━━━━━ 9.9/9.9 MB 6.9 MB/s eta 0:00:00
#7 33.22 Downloading plotly-7.1.0-py3-none-any.whl (9.7 MB)
#7 35.76    ━━━━━━━━━━━━━━━━━━━━━━━━━━━━━━━━━━━━━━━━ 9.7/9.7 MB 3.8 MB/s eta 0:00:00
#7 35.80 Downloading contourpy-1.3.3-cp311-cp311-manylinux_2_27_x86_64.manylinux_2_28_x86_64.whl (355 kB)
#7 35.87    ━━━━━━━━━━━━━━━━━━━━━━━━━━━━━━━━━━━━━━━━ 355.2/355.2 kB 5.0 MB/s eta 0:00:00
#7 35.91 Downloading cycler-0.12.1-py3-none-any.whl (8.3 kB)
#7 35.95 Downloading fonttools-4.65.0-cp311-cp311-manylinux2014_x86_64.manylinux_2_17_x86_64.whl (5.5 MB)
#7 37.02    ━━━━━━━━━━━━━━━━━━━━━━━━━━━━━━━━━━━━━━━━ 5.5/5.5 MB 5.1 MB/s eta 0:00:00
#7 37.05 Downloading kiwisolver-1.5.1-cp311-cp311-manylinux2014_x86_64.manylinux_2_17_x86_64.whl (1.4 MB)
#7 37.31    ━━━━━━━━━━━━━━━━━━━━━━━━━━━━━━━━━━━━━━━━ 1.4/1.4 MB 5.6 MB/s eta 0:00:00
#7 37.35 Downloading narwhals-2.26.0-py3-none-any.whl (474 kB)
#7 37.43    ━━━━━━━━━━━━━━━━━━━━━━━━━━━━━━━━━━━━━━━━ 474.0/474.0 kB 5.9 MB/s eta 0:00:00
#7 37.47 Downloading pillow-12.3.0-cp311-cp311-manylinux_2_27_x86_64.manylinux_2_28_x86_64.whl (6.9 MB)
#7 38.63    ━━━━━━━━━━━━━━━━━━━━━━━━━━━━━━━━━━━━━━━━ 6.9/6.9 MB 6.0 MB/s eta 0:00:00
#7 38.67 Downloading pyparsing-3.3.2-py3-none-any.whl (122 kB)
#7 38.71    ━━━━━━━━━━━━━━━━━━━━━━━━━━━━━━━━━━━━━━━━ 122.8/122.8 kB 3.1 MB/s eta 0:00:00
#7 39.11 Installing collected packages: threadpoolctl, six, pyparsing, pillow, numpy, narwhals, kiwisolver, joblib, graphviz, fonttools, et-xmlfile, cycler, scipy, python-dateutil, plotly, openpyxl, contourpy, scikit-learn, pandas, matplotlib, catboost
#7 53.32 Successfully installed catboost-1.2.8 contourpy-1.3.3 cycler-0.12.1 et-xmlfile-2.0.0 fonttools-4.65.0 graphviz-0.21 joblib-1.5.3 kiwisolver-1.5.1 matplotlib-3.11.2 narwhals-2.26.0 numpy-2.4.6 openpyxl-3.1.5 pandas-3.0.3 pillow-12.3.0 plotly-7.1.0 pyparsing-3.3.2 python-dateutil-2.9.0.post0 scikit-learn-1.6.1 scipy-1.17.1 six-1.17.0 threadpoolctl-3.7.0
#7 53.33 WARNING: Running pip as the 'root' user can result in broken permissions and conflicting behaviour with the system package manager. It is recommended to use a virtual environment instead: https://pip.pypa.io/warnings/venv
#7 53.52 
#7 53.52 [notice] A new release of pip is available: 24.0 -> 26.2.1
#7 53.52 [notice] To update, run: pip install --upgrade pip
#7 DONE 54.2s

#8 [4/4] COPY probe.py /w/probe.py
#8 DONE 0.1s

#9 exporting to image
#9 exporting layers
#9 exporting layers 27.5s done
#9 exporting manifest sha256:14250476a3aa46607e5b06699323ed92342301c350d1ff587f1a76be9a0dcf59 0.0s done
#9 exporting config sha256:6ee512117d1acb8e7957458a0ed42d9b6da64ff402e4855ef7c6a9098b256dd4 0.0s done
#9 exporting attestation manifest sha256:264adcae7037a0ad3af86ce837892f586d1c81cff06c555e9e01eaa558ecd8bb 0.0s done
#9 exporting manifest list sha256:beb4f7a037e1e9516c6f4476b80444b42391bd1ea89bd42e6a3f6a1187b319e4 0.0s done
#9 naming to docker.io/library/audit-drift-training:latest done
#9 unpacking to docker.io/library/audit-drift-training:latest
#9 unpacking to docker.io/library/audit-drift-training:latest 5.2s done
#9 DONE 32.8s
