#0 building with "desktop-linux" instance using docker driver

#1 [internal] load build definition from Dockerfile
#1 transferring dockerfile: 232B done
#1 DONE 0.0s

#2 [internal] load metadata for docker.io/library/python@sha256:fd76ade0c607f27677bc04be3c60749f400eedc941d9e72967e19a4cedff80c2
#2 DONE 0.0s

#3 [internal] load .dockerignore
#3 transferring context: 2B done
#3 DONE 0.0s

#4 [1/5] FROM docker.io/library/python@sha256:fd76ade0c607f27677bc04be3c60749f400eedc941d9e72967e19a4cedff80c2
#4 resolve docker.io/library/python@sha256:fd76ade0c607f27677bc04be3c60749f400eedc941d9e72967e19a4cedff80c2 0.0s done
#4 DONE 0.0s

#5 [2/5] WORKDIR /w
#5 CACHED

#6 [internal] load build context
#6 transferring context: 59B done
#6 DONE 0.0s

#7 [3/5] COPY requirements.txt .
#7 DONE 0.0s

#8 [4/5] RUN pip --version
#8 0.998 pip 23.0.1 from /usr/local/lib/python3.10/site-packages/pip (python 3.10)
#8 DONE 1.1s

#9 [5/5] RUN pip install --no-cache-dir -r requirements.txt
#9 0.913 Collecting streamlit>=1.34
#9 1.051   Downloading streamlit-1.64.0-py3-none-any.whl (10.1 MB)
#9 2.551      ━━━━━━━━━━━━━━━━━━━━━━━━━━━━━━━━━━━━━━━━ 10.1/10.1 MB 6.7 MB/s eta 0:00:00
#9 2.635 Collecting itsdangerous<3,>=2.1.2
#9 2.674   Downloading itsdangerous-2.2.0-py3-none-any.whl (16 kB)
#9 2.970 Collecting pandas<4,>=1.4.0
#9 3.010   Downloading pandas-2.3.3-cp310-cp310-manylinux_2_24_x86_64.manylinux_2_28_x86_64.whl (12.8 MB)
#9 4.915      ━━━━━━━━━━━━━━━━━━━━━━━━━━━━━━━━━━━━━━━━ 12.8/12.8 MB 6.8 MB/s eta 0:00:00
#9 5.007 Collecting uvicorn<1,>=0.30.0
#9 5.048   Downloading uvicorn-0.53.0-py3-none-any.whl (87 kB)
#9 5.058      ━━━━━━━━━━━━━━━━━━━━━━━━━━━━━━━━━━━━━━━━ 87.1/87.1 kB 9.4 MB/s eta 0:00:00
#9 5.442 Collecting protobuf<8,>=5.26.1
#9 5.481   Downloading protobuf-7.36.1-cp310-abi3-manylinux2014_x86_64.whl (343 kB)
#9 5.529      ━━━━━━━━━━━━━━━━━━━━━━━━━━━━━━━━━━━━━━━ 343.2/343.2 kB 7.4 MB/s eta 0:00:00
#9 5.583 Collecting typing-extensions<5,>=4.10.0
#9 5.623   Downloading typing_extensions-4.16.0-py3-none-any.whl (45 kB)
#9 5.626      ━━━━━━━━━━━━━━━━━━━━━━━━━━━━━━━━━━━━━━━━ 45.6/45.6 kB 21.0 MB/s eta 0:00:00
#9 5.677 Collecting python-multipart<1,>=0.0.10
#9 5.717   Downloading python_multipart-0.0.32-py3-none-any.whl (30 kB)
#9 6.193 Collecting numpy<3,>=1.23
#9 6.235   Downloading numpy-2.2.6-cp310-cp310-manylinux_2_17_x86_64.manylinux2014_x86_64.whl (16.8 MB)
#9 8.593      ━━━━━━━━━━━━━━━━━━━━━━━━━━━━━━━━━━━━━━━━ 16.8/16.8 MB 7.3 MB/s eta 0:00:00
#9 8.650 Collecting toml<2,>=0.10.1
#9 8.690   Downloading toml-0.10.2-py2.py3-none-any.whl (16 kB)
#9 8.749 Collecting anyio<5,>=4.0.0
#9 8.789   Downloading anyio-4.15.1-py3-none-any.whl (132 kB)
#9 8.802      ━━━━━━━━━━━━━━━━━━━━━━━━━━━━━━━━━━━━━━ 132.1/132.1 kB 11.1 MB/s eta 0:00:00
#9 9.081 Collecting websockets<17,>=12.0.0
#9 9.121   Downloading websockets-16.1.1-cp310-cp310-manylinux1_x86_64.manylinux_2_28_x86_64.manylinux_2_5_x86_64.whl (186 kB)
#9 9.139      ━━━━━━━━━━━━━━━━━━━━━━━━━━━━━━━━━━━━━━ 186.0/186.0 kB 11.0 MB/s eta 0:00:00
#9 9.256 Collecting watchdog<7,>=2.1.5
#9 9.296   Downloading watchdog-6.0.0-py3-none-manylinux2014_x86_64.whl (79 kB)
#9 9.308      ━━━━━━━━━━━━━━━━━━━━━━━━━━━━━━━━━━━━━━━━ 79.1/79.1 kB 7.2 MB/s eta 0:00:00
#9 9.568 Collecting pyarrow!=25.0.0,<26,>=7.0
#9 9.609   Downloading pyarrow-25.0.1-cp310-cp310-manylinux_2_28_x86_64.whl (50.1 MB)
#9 18.87      ━━━━━━━━━━━━━━━━━━━━━━━━━━━━━━━━━━━━━━━━ 50.1/50.1 MB 5.2 MB/s eta 0:00:00
#9 18.96 Collecting pydeck<1,>=0.8.0b4
#9 19.00   Downloading pydeck-0.9.3-py2.py3-none-any.whl (11.4 MB)
#9 21.36      ━━━━━━━━━━━━━━━━━━━━━━━━━━━━━━━━━━━━━━━━ 11.4/11.4 MB 4.8 MB/s eta 0:00:00
#9 21.43 Collecting altair!=5.4.0,!=5.4.1,<7,>=5.0.0
#9 21.47   Downloading altair-6.2.2-py3-none-any.whl (797 kB)
#9 21.62      ━━━━━━━━━━━━━━━━━━━━━━━━━━━━━━━━━━━━━━━ 797.6/797.6 kB 5.2 MB/s eta 0:00:00
#9 21.68 Collecting click<9,>=7.0
#9 21.72   Downloading click-8.5.0-py3-none-any.whl (125 kB)
#9 21.74      ━━━━━━━━━━━━━━━━━━━━━━━━━━━━━━━━━━━━━━━ 125.3/125.3 kB 7.2 MB/s eta 0:00:00
#9 21.83 Collecting starlette<2,>=0.46.0
#9 21.87   Downloading starlette-1.6.0-py3-none-any.whl (75 kB)
#9 21.88      ━━━━━━━━━━━━━━━━━━━━━━━━━━━━━━━━━━━━━━━━ 76.0/76.0 kB 7.3 MB/s eta 0:00:00
#9 22.31 Collecting pillow<13,>=7.1.0
#9 22.35   Downloading pillow-12.3.0-cp310-cp310-manylinux_2_27_x86_64.manylinux_2_28_x86_64.whl (6.9 MB)
#9 23.65      ━━━━━━━━━━━━━━━━━━━━━━━━━━━━━━━━━━━━━━━━ 6.9/6.9 MB 5.3 MB/s eta 0:00:00
#9 23.73 Collecting requests<3,>=2.27
#9 23.77   Downloading requests-2.34.2-py3-none-any.whl (73 kB)
#9 23.78      ━━━━━━━━━━━━━━━━━━━━━━━━━━━━━━━━━━━━━━━━ 73.1/73.1 kB 7.1 MB/s eta 0:00:00
#9 23.78 Requirement already satisfied: packaging>=20 in /usr/local/lib/python3.10/site-packages (from streamlit>=1.34->-r requirements.txt (line 1)) (26.3)
#9 23.88 Collecting httptools<1,>=0.6.3
#9 23.92   Downloading httptools-0.8.0-cp310-cp310-manylinux1_x86_64.manylinux_2_28_x86_64.manylinux_2_5_x86_64.whl (450 kB)
#9 23.99      ━━━━━━━━━━━━━━━━━━━━━━━━━━━━━━━━━━━━━━━ 450.0/450.0 kB 6.3 MB/s eta 0:00:00
#9 24.14 Collecting narwhals>=2.4.0
#9 24.18   Downloading narwhals-2.26.0-py3-none-any.whl (474 kB)
#9 24.25      ━━━━━━━━━━━━━━━━━━━━━━━━━━━━━━━━━━━━━━━ 474.0/474.0 kB 6.8 MB/s eta 0:00:00
#9 24.37 Collecting jsonschema>=3.0
#9 24.41   Downloading jsonschema-4.26.0-py3-none-any.whl (90 kB)
#9 24.42      ━━━━━━━━━━━━━━━━━━━━━━━━━━━━━━━━━━━━━━━━ 90.6/90.6 kB 7.4 MB/s eta 0:00:00
#9 24.48 Collecting jinja2
#9 24.52   Downloading jinja2-3.1.6-py3-none-any.whl (134 kB)
#9 24.53      ━━━━━━━━━━━━━━━━━━━━━━━━━━━━━━━━━━━━━━━ 134.9/134.9 kB 8.8 MB/s eta 0:00:00
#9 24.59 Collecting idna>=2.8
#9 24.63   Downloading idna-3.19-py3-none-any.whl (68 kB)
#9 24.65      ━━━━━━━━━━━━━━━━━━━━━━━━━━━━━━━━━━━━━━━━ 68.5/68.5 kB 30.8 MB/s eta 0:00:00
#9 24.70 Collecting exceptiongroup>=1.0.2
#9 24.75   Downloading exceptiongroup-1.3.1-py3-none-any.whl (16 kB)
#9 24.88 Collecting tzdata>=2022.7
#9 24.92   Downloading tzdata-2026.4-py2.py3-none-any.whl (347 kB)
#9 24.98      ━━━━━━━━━━━━━━━━━━━━━━━━━━━━━━━━━━━━━━━ 347.5/347.5 kB 6.0 MB/s eta 0:00:00
#9 25.07 Collecting pytz>=2020.1
#9 25.10   Downloading pytz-2026.3.post1-py2.py3-none-any.whl (508 kB)
#9 25.21      ━━━━━━━━━━━━━━━━━━━━━━━━━━━━━━━━━━━━━━━ 508.3/508.3 kB 4.7 MB/s eta 0:00:00
#9 25.27 Collecting python-dateutil>=2.8.2
#9 25.31   Downloading python_dateutil-2.9.0.post0-py2.py3-none-any.whl (229 kB)
#9 25.36      ━━━━━━━━━━━━━━━━━━━━━━━━━━━━━━━━━━━━━━━ 229.9/229.9 kB 4.5 MB/s eta 0:00:00
#9 25.73 Collecting charset_normalizer<4,>=2
#9 25.77   Downloading charset_normalizer-3.5.1-cp310-cp310-manylinux2014_x86_64.manylinux_2_17_x86_64.manylinux_2_28_x86_64.whl (261 kB)
#9 25.83      ━━━━━━━━━━━━━━━━━━━━━━━━━━━━━━━━━━━━━━━ 261.6/261.6 kB 4.8 MB/s eta 0:00:00
#9 25.91 Collecting urllib3<3,>=1.26
#9 25.95   Downloading urllib3-2.8.0-py3-none-any.whl (135 kB)
#9 25.97      ━━━━━━━━━━━━━━━━━━━━━━━━━━━━━━━━━━━━━━━ 135.7/135.7 kB 5.8 MB/s eta 0:00:00
#9 26.03 Collecting certifi>=2023.5.7
#9 26.07   Downloading certifi-2026.7.22-py3-none-any.whl (136 kB)
#9 26.09      ━━━━━━━━━━━━━━━━━━━━━━━━━━━━━━━━━━━━━━━ 137.0/137.0 kB 6.1 MB/s eta 0:00:00
#9 26.17 Collecting h11>=0.8
#9 26.21   Downloading h11-0.16.0-py3-none-any.whl (37 kB)
#9 26.39 Collecting MarkupSafe>=2.0
#9 26.43   Downloading markupsafe-3.0.3-cp310-cp310-manylinux2014_x86_64.manylinux_2_17_x86_64.manylinux_2_28_x86_64.whl (20 kB)
#9 26.49 Collecting attrs>=22.2.0
#9 26.53   Downloading attrs-26.1.0-py3-none-any.whl (67 kB)
#9 26.55      ━━━━━━━━━━━━━━━━━━━━━━━━━━━━━━━━━━━━━━━━ 67.5/67.5 kB 4.8 MB/s eta 0:00:00
#9 27.27 Collecting rpds-py>=0.25.0
#9 27.31   Downloading rpds_py-0.30.0-cp310-cp310-manylinux_2_17_x86_64.manylinux2014_x86_64.whl (390 kB)
#9 27.39      ━━━━━━━━━━━━━━━━━━━━━━━━━━━━━━━━━━━━━━━ 390.5/390.5 kB 4.8 MB/s eta 0:00:00
#9 27.44 Collecting jsonschema-specifications>=2023.03.6
#9 27.64   Downloading jsonschema_specifications-2025.9.1-py3-none-any.whl (18 kB)
#9 28.00 Collecting referencing>=0.28.4
#9 28.05   Downloading referencing-0.37.0-py3-none-any.whl (26 kB)
#9 28.17 Collecting six>=1.5
#9 28.21   Downloading six-1.17.0-py2.py3-none-any.whl (11 kB)
#9 28.47 Installing collected packages: pytz, websockets, watchdog, urllib3, tzdata, typing-extensions, toml, six, rpds-py, python-multipart, pyarrow, protobuf, pillow, numpy, narwhals, MarkupSafe, itsdangerous, idna, httptools, h11, click, charset_normalizer, certifi, attrs, uvicorn, requests, referencing, python-dateutil, jinja2, exceptiongroup, pydeck, pandas, jsonschema-specifications, anyio, starlette, jsonschema, altair, streamlit
#9 36.97 Successfully installed MarkupSafe-3.0.3 altair-6.2.2 anyio-4.15.1 attrs-26.1.0 certifi-2026.7.22 charset_normalizer-3.5.1 click-8.5.0 exceptiongroup-1.3.1 h11-0.16.0 httptools-0.8.0 idna-3.19 itsdangerous-2.2.0 jinja2-3.1.6 jsonschema-4.26.0 jsonschema-specifications-2025.9.1 narwhals-2.26.0 numpy-2.2.6 pandas-2.3.3 pillow-12.3.0 protobuf-7.36.1 pyarrow-25.0.1 pydeck-0.9.3 python-dateutil-2.9.0.post0 python-multipart-0.0.32 pytz-2026.3.post1 referencing-0.37.0 requests-2.34.2 rpds-py-0.30.0 six-1.17.0 starlette-1.6.0 streamlit-1.64.0 toml-0.10.2 typing-extensions-4.16.0 tzdata-2026.4 urllib3-2.8.0 uvicorn-0.53.0 watchdog-6.0.0 websockets-16.1.1
#9 36.97 WARNING: Running pip as the 'root' user can result in broken permissions and conflicting behaviour with the system package manager. It is recommended to use a virtual environment instead: https://pip.pypa.io/warnings/venv
#9 37.16 
#9 37.16 [notice] A new release of pip is available: 23.0.1 -> 26.2.1
#9 37.16 [notice] To update, run: pip install --upgrade pip
#9 DONE 37.7s

#10 exporting to image
#10 exporting layers
#10 exporting layers 12.8s done
#10 exporting manifest sha256:59e0895a10dbce45a297053e66ebea9ab366e25fd2ca5948efec252ade1d9b9d 0.0s done
#10 exporting config sha256:e0ac0d478f1de94959bc4d8dbd8fe91bb536910f0c7bfab06e5234297b9fbff4 0.0s done
#10 exporting attestation manifest sha256:ca5955b645396dcceed7ae8fb57de4348a6957f529e3ce46ff9384ba1d41683e 0.0s done
#10 exporting manifest list sha256:ed6037d4d1f258070ae277ffe7e00b65fd2ef373ba32c9cd4eb15f237d76a396 0.0s done
#10 naming to docker.io/library/audit-install-aht4005-dysphagia-risk-calculator:latest done
#10 unpacking to docker.io/library/audit-install-aht4005-dysphagia-risk-calculator:latest
#10 unpacking to docker.io/library/audit-install-aht4005-dysphagia-risk-calculator:latest 2.1s done
#10 DONE 15.0s


### pip check (network off), exit 0
No broken requirements found.


### import of declared distributions (network off)
{
 "streamlit": "ok 1.64.0"
}
