#0 building with "desktop-linux" instance using docker driver

#1 [internal] load build definition from Dockerfile
#1 transferring dockerfile: 232B done
#1 DONE 0.0s

#2 [internal] load metadata for docker.io/library/python@sha256:fd76ade0c607f27677bc04be3c60749f400eedc941d9e72967e19a4cedff80c2
#2 DONE 1.1s

#3 [internal] load .dockerignore
#3 transferring context: 2B done
#3 DONE 0.0s

#4 [1/5] FROM docker.io/library/python@sha256:fd76ade0c607f27677bc04be3c60749f400eedc941d9e72967e19a4cedff80c2
#4 resolve docker.io/library/python@sha256:fd76ade0c607f27677bc04be3c60749f400eedc941d9e72967e19a4cedff80c2 0.0s done
#4 DONE 0.0s

#5 [2/5] WORKDIR /w
#5 CACHED

#6 [internal] load build context
#6 transferring context: 151B done
#6 DONE 0.0s

#7 [3/5] COPY requirements.txt .
#7 DONE 0.0s

#8 [4/5] RUN pip --version
#8 0.986 pip 23.0.1 from /usr/local/lib/python3.10/site-packages/pip (python 3.10)
#8 DONE 1.1s

#9 [5/5] RUN pip install --no-cache-dir -r requirements.txt
#9 0.602 ERROR: Invalid requirement: 'torch=1.11.0' (from line 1 of requirements.txt)
#9 0.602 Hint: = is not a valid operator. Did you mean == ?
#9 0.789 
#9 0.789 [notice] A new release of pip is available: 23.0.1 -> 26.2.1
#9 0.789 [notice] To update, run: pip install --upgrade pip
#9 ERROR: process "/bin/sh -c pip install --no-cache-dir -r requirements.txt" did not complete successfully: exit code: 1
------
 > [5/5] RUN pip install --no-cache-dir -r requirements.txt:
0.602 ERROR: Invalid requirement: 'torch=1.11.0' (from line 1 of requirements.txt)
0.602 Hint: = is not a valid operator. Did you mean == ?
0.789 
0.789 [notice] A new release of pip is available: 23.0.1 -> 26.2.1
0.789 [notice] To update, run: pip install --upgrade pip
------
Dockerfile:5
--------------------
   3 |     COPY requirements.txt .
   4 |     RUN pip --version
   5 | >>> RUN pip install --no-cache-dir -r requirements.txt
   6 |     
--------------------
ERROR: failed to build: failed to solve: process "/bin/sh -c pip install --no-cache-dir -r requirements.txt" did not complete successfully: exit code: 1
