#0 building with "desktop-linux" instance using docker driver

#1 [internal] load build definition from Dockerfile
#1 transferring dockerfile: 232B done
#1 DONE 0.0s

#2 [internal] load metadata for docker.io/library/python@sha256:fd76ade0c607f27677bc04be3c60749f400eedc941d9e72967e19a4cedff80c2
#2 DONE 0.0s

#3 [internal] load .dockerignore
#3 transferring context: 2B done
#3 DONE 0.0s

#4 [1/5] FROM docker.io/library/python@sha256:fd76ade0c607f27677bc04be3c60749f400eedc941d9e72967e19a4cedff80c2
#4 resolve docker.io/library/python@sha256:fd76ade0c607f27677bc04be3c60749f400eedc941d9e72967e19a4cedff80c2 0.0s done
#4 DONE 0.0s

#5 [2/5] WORKDIR /w
#5 CACHED

#6 [internal] load build context
#6 transferring context: 122B done
#6 DONE 0.0s

#7 [3/5] COPY requirements.txt .
#7 DONE 0.1s

#8 [4/5] RUN pip --version
#8 0.944 pip 23.0.1 from /usr/local/lib/python3.10/site-packages/pip (python 3.10)
#8 DONE 1.0s

#9 [5/5] RUN pip install --no-cache-dir -r requirements.txt
#9 0.840 Collecting torch>=2.0.0
#9 0.965   Downloading torch-2.14.0-cp310-cp310-manylinux_2_28_x86_64.whl (554.6 MB)
#9 48.26      ━━━━━━━━━━━━━━━━━━━━━━━━━━━━━━━━━━━━━━ 554.6/554.6 MB 11.4 MB/s eta 0:00:00
#9 48.75 Collecting torchaudio>=2.0.0
#9 48.79   Downloading torchaudio-2.11.0-cp310-cp310-manylinux_2_28_x86_64.whl (1.8 MB)
#9 48.95      ━━━━━━━━━━━━━━━━━━━━━━━━━━━━━━━━━━━━━━━━ 1.8/1.8 MB 11.0 MB/s eta 0:00:00
#9 49.06 Collecting transformers>=4.30.0
#9 49.10   Downloading transformers-5.17.0-py3-none-any.whl (12.3 MB)
#9 50.15      ━━━━━━━━━━━━━━━━━━━━━━━━━━━━━━━━━━━━━━━━ 12.3/12.3 MB 11.8 MB/s eta 0:00:00
#9 50.64 Collecting numpy>=1.24.0
#9 50.68   Downloading numpy-2.2.6-cp310-cp310-manylinux_2_17_x86_64.manylinux2014_x86_64.whl (16.8 MB)
#9 52.07      ━━━━━━━━━━━━━━━━━━━━━━━━━━━━━━━━━━━━━━━━ 16.8/16.8 MB 12.2 MB/s eta 0:00:00
#9 52.17 Collecting tqdm>=4.65.0
#9 52.21   Downloading tqdm-4.70.1-py3-none-any.whl (80 kB)
#9 52.21      ━━━━━━━━━━━━━━━━━━━━━━━━━━━━━━━━━━━━━━━━ 80.2/80.2 kB 36.7 MB/s eta 0:00:00
#9 52.27 Collecting nvidia-cudnn-cu13==9.24.0.43
#9 52.31   Downloading nvidia_cudnn_cu13-9.24.0.43-py3-none-manylinux_2_27_x86_64.whl (553.1 MB)
#9 99.36      ━━━━━━━━━━━━━━━━━━━━━━━━━━━━━━━━━━━━━━ 553.1/553.1 MB 10.5 MB/s eta 0:00:00
#9 99.63 Requirement already satisfied: setuptools>=77.0.3 in /usr/local/lib/python3.10/site-packages (from torch>=2.0.0->-r requirements.txt (line 1)) (79.0.1)
#9 99.67 Collecting cuda-toolkit[cublas,cudart,cufft,cufile,cupti,curand,cusolver,cusparse,nvjitlink,nvrtc,nvtx]==13.0.3
#9 99.71   Downloading cuda_toolkit-13.0.3.0-py2.py3-none-any.whl (2.5 kB)
#9 99.75 Collecting nvidia-nvshmem-cu13==3.4.5
#9 99.79   Downloading nvidia_nvshmem_cu13-3.4.5-py3-none-manylinux2014_x86_64.manylinux_2_17_x86_64.whl (60.4 MB)
#9 104.8      ━━━━━━━━━━━━━━━━━━━━━━━━━━━━━━━━━━━━━━━━ 60.4/60.4 MB 12.8 MB/s eta 0:00:00
#9 104.9 Collecting fsspec>=0.8.5
#9 104.9   Downloading fsspec-2026.7.0-py3-none-any.whl (206 kB)
#9 105.0      ━━━━━━━━━━━━━━━━━━━━━━━━━━━━━━━━━━━━━━ 206.6/206.6 kB 21.3 MB/s eta 0:00:00
#9 105.0 Collecting cuda-bindings<14,>=13.0.3
#9 105.1   Downloading cuda_bindings-13.4.1-cp310-cp310-manylinux_2_24_x86_64.manylinux_2_28_x86_64.whl (7.2 MB)
#9 105.7      ━━━━━━━━━━━━━━━━━━━━━━━━━━━━━━━━━━━━━━━━ 7.2/7.2 MB 11.1 MB/s eta 0:00:00
#9 105.8 Collecting triton~=3.8.0
#9 105.8   Downloading triton-3.8.0-cp310-cp310-manylinux_2_27_x86_64.manylinux_2_28_x86_64.whl (247.8 MB)
#9 131.4      ━━━━━━━━━━━━━━━━━━━━━━━━━━━━━━━━━━━━━━ 247.8/247.8 MB 11.6 MB/s eta 0:00:00
#9 131.6 Collecting typing-extensions>=4.10.0
#9 131.7   Downloading typing_extensions-4.16.0-py3-none-any.whl (45 kB)
#9 131.7      ━━━━━━━━━━━━━━━━━━━━━━━━━━━━━━━━━━━━━━━ 45.6/45.6 kB 370.8 MB/s eta 0:00:00
#9 131.7 Collecting networkx>=2.5.1
#9 131.8   Downloading networkx-3.4.2-py3-none-any.whl (1.7 MB)
#9 131.9      ━━━━━━━━━━━━━━━━━━━━━━━━━━━━━━━━━━━━━━━━ 1.7/1.7 MB 12.2 MB/s eta 0:00:00
#9 131.9 Collecting nvidia-nccl-cu13==2.30.7
#9 132.0   Downloading nvidia_nccl_cu13-2.30.7-py3-none-manylinux_2_18_x86_64.whl (216.0 MB)
#9 150.2      ━━━━━━━━━━━━━━━━━━━━━━━━━━━━━━━━━━━━━━ 216.0/216.0 MB 12.1 MB/s eta 0:00:00
#9 150.3 Collecting nvidia-cusparselt-cu13==0.8.1
#9 150.4   Downloading nvidia_cusparselt_cu13-0.8.1-py3-none-manylinux2014_x86_64.whl (170.1 MB)
#9 164.4      ━━━━━━━━━━━━━━━━━━━━━━━━━━━━━━━━━━━━━━ 170.1/170.1 MB 12.8 MB/s eta 0:00:00
#9 164.6 Collecting sympy>=1.13.3
#9 164.6   Downloading sympy-1.14.0-py3-none-any.whl (6.3 MB)
#9 165.2      ━━━━━━━━━━━━━━━━━━━━━━━━━━━━━━━━━━━━━━━━ 6.3/6.3 MB 10.6 MB/s eta 0:00:00
#9 165.3 Collecting jinja2
#9 165.3   Downloading jinja2-3.1.6-py3-none-any.whl (134 kB)
#9 165.3      ━━━━━━━━━━━━━━━━━━━━━━━━━━━━━━━━━━━━━━ 134.9/134.9 kB 18.9 MB/s eta 0:00:00
#9 165.4 Collecting filelock
#9 165.4   Downloading filelock-4.0.0-py3-none-any.whl (106 kB)
#9 165.4      ━━━━━━━━━━━━━━━━━━━━━━━━━━━━━━━━━━━━━━ 106.0/106.0 kB 16.6 MB/s eta 0:00:00
#9 165.6 Collecting nvidia-nvjitlink<14,>=13.0.88
#9 165.7   Downloading nvidia_nvjitlink-13.4.92-py3-none-manylinux2010_x86_64.manylinux_2_12_x86_64.whl (42.5 MB)
#9 169.4      ━━━━━━━━━━━━━━━━━━━━━━━━━━━━━━━━━━━━━━━━ 42.5/42.5 MB 12.0 MB/s eta 0:00:00
#9 169.5 Collecting nvidia-cusolver==12.0.4.66.*
#9 169.5   Downloading nvidia_cusolver-12.0.4.66-py3-none-manylinux_2_27_x86_64.whl (200.9 MB)
#9 186.4      ━━━━━━━━━━━━━━━━━━━━━━━━━━━━━━━━━━━━━━ 200.9/200.9 MB 11.4 MB/s eta 0:00:00
#9 186.6 Collecting nvidia-cublas==13.1.1.3.*
#9 186.6   Downloading nvidia_cublas-13.1.1.3-py3-none-manylinux_2_27_x86_64.whl (423.1 MB)
#9 221.8      ━━━━━━━━━━━━━━━━━━━━━━━━━━━━━━━━━━━━━━ 423.1/423.1 MB 12.1 MB/s eta 0:00:00
#9 222.1 Collecting nvidia-cusparse==12.6.3.3.*
#9 222.1   Downloading nvidia_cusparse-12.6.3.3-py3-none-manylinux2014_x86_64.manylinux_2_17_x86_64.whl (145.9 MB)
#9 234.5      ━━━━━━━━━━━━━━━━━━━━━━━━━━━━━━━━━━━━━━ 145.9/145.9 MB 12.7 MB/s eta 0:00:00
#9 234.6 Collecting nvidia-nvtx==13.0.85.*
#9 234.7   Downloading nvidia_nvtx-13.0.85-py3-none-manylinux1_x86_64.manylinux_2_5_x86_64.whl (148 kB)
#9 234.7      ━━━━━━━━━━━━━━━━━━━━━━━━━━━━━━━━━━━━━━ 148.0/148.0 kB 27.4 MB/s eta 0:00:00
#9 234.7 Collecting nvidia-cuda-cupti==13.0.85.*
#9 234.8   Downloading nvidia_cuda_cupti-13.0.85-py3-none-manylinux_2_25_x86_64.whl (10.7 MB)
#9 235.6      ━━━━━━━━━━━━━━━━━━━━━━━━━━━━━━━━━━━━━━━━ 10.7/10.7 MB 12.7 MB/s eta 0:00:00
#9 235.7 Collecting nvidia-curand==10.4.0.35.*
#9 235.7   Downloading nvidia_curand-10.4.0.35-py3-none-manylinux_2_27_x86_64.whl (59.5 MB)
#9 240.6      ━━━━━━━━━━━━━━━━━━━━━━━━━━━━━━━━━━━━━━━━ 59.5/59.5 MB 12.6 MB/s eta 0:00:00
#9 240.7 Collecting nvidia-cuda-nvrtc==13.0.88.*
#9 240.7   Downloading nvidia_cuda_nvrtc-13.0.88-py3-none-manylinux2010_x86_64.manylinux_2_12_x86_64.whl (90.2 MB)
#9 248.2      ━━━━━━━━━━━━━━━━━━━━━━━━━━━━━━━━━━━━━━━━ 90.2/90.2 MB 12.4 MB/s eta 0:00:00
#9 248.3 Collecting nvidia-cufft==12.0.0.61.*
#9 248.3   Downloading nvidia_cufft-12.0.0.61-py3-none-manylinux2014_x86_64.manylinux_2_17_x86_64.whl (214.1 MB)
#9 266.6      ━━━━━━━━━━━━━━━━━━━━━━━━━━━━━━━━━━━━━━ 214.1/214.1 MB 12.7 MB/s eta 0:00:00
#9 266.8 Collecting nvidia-cuda-runtime==13.0.96.*
#9 266.8   Downloading nvidia_cuda_runtime-13.0.96-py3-none-manylinux2014_x86_64.manylinux_2_17_x86_64.whl (2.2 MB)
#9 267.0      ━━━━━━━━━━━━━━━━━━━━━━━━━━━━━━━━━━━━━━━━ 2.2/2.2 MB 12.7 MB/s eta 0:00:00
#9 267.0 Collecting nvidia-cufile==1.15.1.6.*
#9 267.1   Downloading nvidia_cufile-1.15.1.6-py3-none-manylinux2014_x86_64.manylinux_2_17_x86_64.whl (1.2 MB)
#9 267.2      ━━━━━━━━━━━━━━━━━━━━━━━━━━━━━━━━━━━━━━━━ 1.2/1.2 MB 13.7 MB/s eta 0:00:00
#9 267.9 Collecting tokenizers<0.24.0,>=0.23.1
#9 267.9   Downloading tokenizers-0.23.2-cp310-abi3-manylinux_2_17_x86_64.manylinux2014_x86_64.whl (3.4 MB)
#9 268.2      ━━━━━━━━━━━━━━━━━━━━━━━━━━━━━━━━━━━━━━━━ 3.4/3.4 MB 13.4 MB/s eta 0:00:00
#9 268.2 Collecting typer
#9 268.3   Downloading typer-0.27.2-py3-none-any.whl (123 kB)
#9 268.3      ━━━━━━━━━━━━━━━━━━━━━━━━━━━━━━━━━━━━━━ 123.1/123.1 kB 25.8 MB/s eta 0:00:00
#9 268.4 Collecting pyyaml>=5.1
#9 268.4   Downloading pyyaml-6.0.3-cp310-cp310-manylinux2014_x86_64.manylinux_2_17_x86_64.manylinux_2_28_x86_64.whl (770 kB)
#9 268.5      ━━━━━━━━━━━━━━━━━━━━━━━━━━━━━━━━━━━━━━ 770.3/770.3 kB 13.9 MB/s eta 0:00:00
#9 268.7 Collecting safetensors>=0.8.0
#9 268.8   Downloading safetensors-0.8.0-cp310-abi3-manylinux_2_17_x86_64.manylinux2014_x86_64.whl (516 kB)
#9 268.8      ━━━━━━━━━━━━━━━━━━━━━━━━━━━━━━━━━━━━━━ 516.0/516.0 kB 15.6 MB/s eta 0:00:00
#9 268.9 Collecting huggingface-hub<2.0,>=1.5.0
#9 268.9   Downloading huggingface_hub-1.31.0-py3-none-any.whl (798 kB)
#9 269.0      ━━━━━━━━━━━━━━━━━━━━━━━━━━━━━━━━━━━━━━━ 798.3/798.3 kB 9.8 MB/s eta 0:00:00
#9 269.0 Requirement already satisfied: packaging>=20.0 in /usr/local/lib/python3.10/site-packages (from transformers>=4.30.0->-r requirements.txt (line 3)) (26.3)
#9 269.8 Collecting regex>=2025.10.22
#9 269.9   Downloading regex-2026.9.10-cp310-cp310-manylinux2014_x86_64.manylinux_2_17_x86_64.manylinux_2_28_x86_64.whl (796 kB)
#9 270.0      ━━━━━━━━━━━━━━━━━━━━━━━━━━━━━━━━━━━━━━ 796.3/796.3 kB 10.3 MB/s eta 0:00:00
#9 270.0 Collecting cuda-pathfinder>=1.4.2
#9 270.1   Downloading cuda_pathfinder-1.8.1-py3-none-any.whl (62 kB)
#9 270.1      ━━━━━━━━━━━━━━━━━━━━━━━━━━━━━━━━━━━━━━━━ 62.6/62.6 kB 50.7 MB/s eta 0:00:00
#9 270.2 Collecting httpx<1,>=0.23.0
#9 270.2   Downloading httpx-0.28.1-py3-none-any.whl (73 kB)
#9 270.3      ━━━━━━━━━━━━━━━━━━━━━━━━━━━━━━━━━━━━━━━━ 73.5/73.5 kB 22.3 MB/s eta 0:00:00
#9 270.3 Collecting click<9.0.0,>=8.4.2
#9 270.3   Downloading click-8.5.0-py3-none-any.whl (125 kB)
#9 270.3      ━━━━━━━━━━━━━━━━━━━━━━━━━━━━━━━━━━━━━━ 125.3/125.3 kB 16.1 MB/s eta 0:00:00
#9 270.5 Collecting hf-xet<2.0.0,>=1.5.2
#9 270.5   Downloading hf_xet-1.6.0-cp38-abi3-manylinux2014_x86_64.manylinux_2_17_x86_64.whl (4.5 MB)
#9 270.9      ━━━━━━━━━━━━━━━━━━━━━━━━━━━━━━━━━━━━━━━━ 4.5/4.5 MB 10.9 MB/s eta 0:00:00
#9 271.0 Collecting mpmath<1.4,>=1.1.0
#9 271.1   Downloading mpmath-1.3.0-py3-none-any.whl (536 kB)
#9 271.1      ━━━━━━━━━━━━━━━━━━━━━━━━━━━━━━━━━━━━━━ 536.2/536.2 kB 11.8 MB/s eta 0:00:00
#9 271.3 Collecting MarkupSafe>=2.0
#9 271.3   Downloading markupsafe-3.0.3-cp310-cp310-manylinux2014_x86_64.manylinux_2_17_x86_64.manylinux_2_28_x86_64.whl (20 kB)
#9 271.4 Collecting shellingham>=1.3.0
#9 271.4   Downloading shellingham-1.5.4-py2.py3-none-any.whl (9.8 kB)
#9 271.5 Collecting rich>=13.8.0
#9 271.5   Downloading rich-15.0.0-py3-none-any.whl (310 kB)
#9 271.5      ━━━━━━━━━━━━━━━━━━━━━━━━━━━━━━━━━━━━━━ 310.7/310.7 kB 16.2 MB/s eta 0:00:00
#9 271.6 Collecting annotated-doc>=0.0.2
#9 271.6   Downloading annotated_doc-0.0.5-py3-none-any.whl (5.3 kB)
#9 271.7 Collecting idna
#9 271.7   Downloading idna-3.19-py3-none-any.whl (68 kB)
#9 271.7      ━━━━━━━━━━━━━━━━━━━━━━━━━━━━━━━━━━━━━━━━ 68.5/68.5 kB 14.5 MB/s eta 0:00:00
#9 271.8 Collecting anyio
#9 271.8   Downloading anyio-4.15.1-py3-none-any.whl (132 kB)
#9 271.8      ━━━━━━━━━━━━━━━━━━━━━━━━━━━━━━━━━━━━━━ 132.1/132.1 kB 14.2 MB/s eta 0:00:00
#9 271.9 Collecting certifi
#9 271.9   Downloading certifi-2026.7.22-py3-none-any.whl (136 kB)
#9 271.9      ━━━━━━━━━━━━━━━━━━━━━━━━━━━━━━━━━━━━━━ 137.0/137.0 kB 13.7 MB/s eta 0:00:00
#9 272.0 Collecting httpcore==1.*
#9 272.0   Downloading httpcore-1.0.9-py3-none-any.whl (78 kB)
#9 272.0      ━━━━━━━━━━━━━━━━━━━━━━━━━━━━━━━━━━━━━━━━ 78.8/78.8 kB 17.9 MB/s eta 0:00:00
#9 272.1 Collecting h11>=0.16
#9 272.1   Downloading h11-0.16.0-py3-none-any.whl (37 kB)
#9 272.2 Collecting markdown-it-py>=2.2.0
#9 272.2   Downloading markdown_it_py-4.2.0-py3-none-any.whl (91 kB)
#9 272.2      ━━━━━━━━━━━━━━━━━━━━━━━━━━━━━━━━━━━━━━━━ 91.7/91.7 kB 16.9 MB/s eta 0:00:00
#9 272.3 Collecting pygments<3.0.0,>=2.13.0
#9 272.3   Downloading pygments-2.21.0-py3-none-any.whl (1.3 MB)
#9 272.4      ━━━━━━━━━━━━━━━━━━━━━━━━━━━━━━━━━━━━━━━━ 1.3/1.3 MB 10.8 MB/s eta 0:00:00
#9 272.5 Collecting mdurl~=0.1
#9 272.5   Downloading mdurl-0.1.2-py3-none-any.whl (10.0 kB)
#9 272.6 Collecting exceptiongroup>=1.0.2
#9 272.6   Downloading exceptiongroup-1.3.1-py3-none-any.whl (16 kB)
#9 273.2 Installing collected packages: torchaudio, nvidia-cusparselt-cu13, mpmath, cuda-toolkit, typing-extensions, triton, tqdm, sympy, shellingham, safetensors, regex, pyyaml, pygments, nvidia-nvtx, nvidia-nvshmem-cu13, nvidia-nvjitlink, nvidia-nccl-cu13, nvidia-curand, nvidia-cufile, nvidia-cuda-runtime, nvidia-cuda-nvrtc, nvidia-cuda-cupti, numpy, networkx, mdurl, MarkupSafe, idna, hf-xet, h11, fsspec, filelock, cuda-pathfinder, click, certifi, annotated-doc, nvidia-cusparse, nvidia-cufft, nvidia-cublas, markdown-it-py, jinja2, httpcore, exceptiongroup, cuda-bindings, rich, nvidia-cusolver, nvidia-cudnn-cu13, anyio, typer, httpx, torch, huggingface-hub, tokenizers, transformers
#9 306.4 Successfully installed MarkupSafe-3.0.3 annotated-doc-0.0.5 anyio-4.15.1 certifi-2026.7.22 click-8.5.0 cuda-bindings-13.4.1 cuda-pathfinder-1.8.1 cuda-toolkit-13.0.3.0 exceptiongroup-1.3.1 filelock-4.0.0 fsspec-2026.7.0 h11-0.16.0 hf-xet-1.6.0 httpcore-1.0.9 httpx-0.28.1 huggingface-hub-1.31.0 idna-3.19 jinja2-3.1.6 markdown-it-py-4.2.0 mdurl-0.1.2 mpmath-1.3.0 networkx-3.4.2 numpy-2.2.6 nvidia-cublas-13.1.1.3 nvidia-cuda-cupti-13.0.85 nvidia-cuda-nvrtc-13.0.88 nvidia-cuda-runtime-13.0.96 nvidia-cudnn-cu13-9.24.0.43 nvidia-cufft-12.0.0.61 nvidia-cufile-1.15.1.6 nvidia-curand-10.4.0.35 nvidia-cusolver-12.0.4.66 nvidia-cusparse-12.6.3.3 nvidia-cusparselt-cu13-0.8.1 nvidia-nccl-cu13-2.30.7 nvidia-nvjitlink-13.4.92 nvidia-nvshmem-cu13-3.4.5 nvidia-nvtx-13.0.85 pygments-2.21.0 pyyaml-6.0.3 regex-2026.9.10 rich-15.0.0 safetensors-0.8.0 shellingham-1.5.4 sympy-1.14.0 tokenizers-0.23.2 torch-2.14.0 torchaudio-2.11.0 tqdm-4.70.1 transformers-5.17.0 triton-3.8.0 typer-0.27.2 typing-extensions-4.16.0
#9 306.4 WARNING: Running pip as the 'root' user can result in broken permissions and conflicting behaviour with the system package manager. It is recommended to use a virtual environment instead: https://pip.pypa.io/warnings/venv
#9 306.6 
#9 306.6 [notice] A new release of pip is available: 23.0.1 -> 26.2.1
#9 306.6 [notice] To update, run: pip install --upgrade pip
#9 DONE 307.4s

#10 exporting to image
#10 exporting layers
#10 exporting layers 116.9s done
#10 exporting manifest sha256:760d4edd5d8bcb1a614cb97e3e9468db26bca68adbe7b1230c059e42b2ff517a 0.0s done
#10 exporting config sha256:6da6f14dd59929f2bf71f4ba5915641d986be7f23aef2e34f5a560f2282197e8 0.0s done
#10 exporting attestation manifest sha256:a5bb3bb4e7e1ea3a19fa0514fd04c88a83baadf9f01e3412a83597a88ef54234 0.0s done
#10 exporting manifest list sha256:ebd87408b1dd1b60cf4ea514da14106353dd407962fc6565b2c35123d660f6cf 0.0s done
#10 naming to docker.io/library/audit-install-tsukagoshi56-swallowing-segmentation-with-ssl-gru:latest done
#10 unpacking to docker.io/library/audit-install-tsukagoshi56-swallowing-segmentation-with-ssl-gru:latest
#10 unpacking to docker.io/library/audit-install-tsukagoshi56-swallowing-segmentation-with-ssl-gru:latest 20.4s done
#10 DONE 137.4s


### pip check (network off), exit 0
No broken requirements found.


### import of declared distributions (network off)
{
 "torch": "ok 2.14.0+cu130",
 "torchaudio": "ok 2.11.0+cu130",
 "transformers": "ok 5.17.0",
 "numpy": "ok 2.2.6",
 "tqdm": "ok 4.70.1"
}
