#0 building with "desktop-linux" instance using docker driver

#1 [internal] load build definition from Dockerfile
#1 transferring dockerfile:
#1 transferring dockerfile: 425B 0.0s done
#1 DONE 0.2s

#2 [internal] load metadata for docker.io/library/python:3.11-slim
#2 ...

#3 [auth] library/python:pull token for registry-1.docker.io
#3 DONE 0.0s

#2 [internal] load metadata for docker.io/library/python:3.11-slim
#2 DONE 5.6s

#4 [internal] load .dockerignore
#4 transferring context:
#4 transferring context: 2B 0.1s done
#4 DONE 0.2s

#5 [1/6] FROM docker.io/library/python:3.11-slim@sha256:baf89808ec37adeaab83cec287adb4a2afa4a11c1d51e961c7ec737877e61af6
#5 resolve docker.io/library/python:3.11-slim@sha256:baf89808ec37adeaab83cec287adb4a2afa4a11c1d51e961c7ec737877e61af6 0.1s done
#5 DONE 0.2s

#6 [internal] load build context
#6 transferring context: 1.81MB 0.2s done
#6 DONE 0.4s

#5 [1/6] FROM docker.io/library/python:3.11-slim@sha256:baf89808ec37adeaab83cec287adb4a2afa4a11c1d51e961c7ec737877e61af6
#5 sha256:c89b9f64c028c19ba92e195d7589d914b9cd1fc69f3c3dfeb931e93876ac2064 0B / 248B 0.2s
#5 sha256:c89b9f64c028c19ba92e195d7589d914b9cd1fc69f3c3dfeb931e93876ac2064 248B / 248B 0.3s done
#5 sha256:9775d166087aba0afe5ba9a88859c04c08090e82ae218742d09fec9119e0335d 0B / 1.29MB 0.2s
#5 sha256:062e450697faa5f02a3a74eba9864ee4d79bc9cfbd65769fc6cdff2c05c6a053 0B / 29.78MB 0.2s
#5 sha256:6b265b8eae4a26a263eb55546aa430c1eef37032a7cd86393d98c6b779f28319 0B / 14.42MB 0.2s
#5 sha256:9775d166087aba0afe5ba9a88859c04c08090e82ae218742d09fec9119e0335d 1.29MB / 1.29MB 0.6s done
#5 sha256:062e450697faa5f02a3a74eba9864ee4d79bc9cfbd65769fc6cdff2c05c6a053 2.10MB / 29.78MB 1.1s
#5 sha256:062e450697faa5f02a3a74eba9864ee4d79bc9cfbd65769fc6cdff2c05c6a053 4.19MB / 29.78MB 1.4s
#5 sha256:062e450697faa5f02a3a74eba9864ee4d79bc9cfbd65769fc6cdff2c05c6a053 6.29MB / 29.78MB 1.8s
#5 sha256:6b265b8eae4a26a263eb55546aa430c1eef37032a7cd86393d98c6b779f28319 1.05MB / 14.42MB 1.7s
#5 sha256:062e450697faa5f02a3a74eba9864ee4d79bc9cfbd65769fc6cdff2c05c6a053 8.39MB / 29.78MB 2.1s
#5 sha256:6b265b8eae4a26a263eb55546aa430c1eef37032a7cd86393d98c6b779f28319 2.10MB / 14.42MB 2.4s
#5 sha256:062e450697faa5f02a3a74eba9864ee4d79bc9cfbd65769fc6cdff2c05c6a053 10.49MB / 29.78MB 2.7s
#5 sha256:6b265b8eae4a26a263eb55546aa430c1eef37032a7cd86393d98c6b779f28319 3.15MB / 14.42MB 3.2s
#5 sha256:062e450697faa5f02a3a74eba9864ee4d79bc9cfbd65769fc6cdff2c05c6a053 12.58MB / 29.78MB 3.5s
#5 sha256:6b265b8eae4a26a263eb55546aa430c1eef37032a7cd86393d98c6b779f28319 4.19MB / 14.42MB 3.5s
#5 sha256:062e450697faa5f02a3a74eba9864ee4d79bc9cfbd65769fc6cdff2c05c6a053 14.68MB / 29.78MB 3.9s
#5 sha256:6b265b8eae4a26a263eb55546aa430c1eef37032a7cd86393d98c6b779f28319 5.24MB / 14.42MB 3.9s
#5 sha256:6b265b8eae4a26a263eb55546aa430c1eef37032a7cd86393d98c6b779f28319 6.29MB / 14.42MB 4.2s
#5 sha256:6b265b8eae4a26a263eb55546aa430c1eef37032a7cd86393d98c6b779f28319 7.34MB / 14.42MB 4.5s
#5 sha256:062e450697faa5f02a3a74eba9864ee4d79bc9cfbd65769fc6cdff2c05c6a053 16.78MB / 29.78MB 4.8s
#5 sha256:6b265b8eae4a26a263eb55546aa430c1eef37032a7cd86393d98c6b779f28319 8.39MB / 14.42MB 5.1s
#5 sha256:062e450697faa5f02a3a74eba9864ee4d79bc9cfbd65769fc6cdff2c05c6a053 18.87MB / 29.78MB 5.4s
#5 sha256:6b265b8eae4a26a263eb55546aa430c1eef37032a7cd86393d98c6b779f28319 9.44MB / 14.42MB 5.4s
#5 sha256:6b265b8eae4a26a263eb55546aa430c1eef37032a7cd86393d98c6b779f28319 10.49MB / 14.42MB 5.6s
#5 sha256:6b265b8eae4a26a263eb55546aa430c1eef37032a7cd86393d98c6b779f28319 11.53MB / 14.42MB 5.9s
#5 sha256:062e450697faa5f02a3a74eba9864ee4d79bc9cfbd65769fc6cdff2c05c6a053 20.97MB / 29.78MB 6.2s
#5 sha256:062e450697faa5f02a3a74eba9864ee4d79bc9cfbd65769fc6cdff2c05c6a053 23.07MB / 29.78MB 6.5s
#5 sha256:6b265b8eae4a26a263eb55546aa430c1eef37032a7cd86393d98c6b779f28319 12.58MB / 14.42MB 6.3s
#5 sha256:6b265b8eae4a26a263eb55546aa430c1eef37032a7cd86393d98c6b779f28319 13.63MB / 14.42MB 6.5s
#5 sha256:6b265b8eae4a26a263eb55546aa430c1eef37032a7cd86393d98c6b779f28319 14.42MB / 14.42MB 6.6s done
#5 sha256:062e450697faa5f02a3a74eba9864ee4d79bc9cfbd65769fc6cdff2c05c6a053 25.17MB / 29.78MB 6.9s
#5 sha256:062e450697faa5f02a3a74eba9864ee4d79bc9cfbd65769fc6cdff2c05c6a053 27.26MB / 29.78MB 7.2s
#5 sha256:062e450697faa5f02a3a74eba9864ee4d79bc9cfbd65769fc6cdff2c05c6a053 29.36MB / 29.78MB 7.5s
#5 sha256:062e450697faa5f02a3a74eba9864ee4d79bc9cfbd65769fc6cdff2c05c6a053 29.78MB / 29.78MB 7.6s done
#5 DONE 8.2s

#5 [1/6] FROM docker.io/library/python:3.11-slim@sha256:baf89808ec37adeaab83cec287adb4a2afa4a11c1d51e961c7ec737877e61af6
#5 extracting sha256:062e450697faa5f02a3a74eba9864ee4d79bc9cfbd65769fc6cdff2c05c6a053
#5 extracting sha256:062e450697faa5f02a3a74eba9864ee4d79bc9cfbd65769fc6cdff2c05c6a053 2.2s done
#5 DONE 10.4s

#5 [1/6] FROM docker.io/library/python:3.11-slim@sha256:baf89808ec37adeaab83cec287adb4a2afa4a11c1d51e961c7ec737877e61af6
#5 extracting sha256:9775d166087aba0afe5ba9a88859c04c08090e82ae218742d09fec9119e0335d
#5 extracting sha256:9775d166087aba0afe5ba9a88859c04c08090e82ae218742d09fec9119e0335d 0.3s done
#5 DONE 10.7s

#5 [1/6] FROM docker.io/library/python:3.11-slim@sha256:baf89808ec37adeaab83cec287adb4a2afa4a11c1d51e961c7ec737877e61af6
#5 extracting sha256:6b265b8eae4a26a263eb55546aa430c1eef37032a7cd86393d98c6b779f28319
#5 extracting sha256:6b265b8eae4a26a263eb55546aa430c1eef37032a7cd86393d98c6b779f28319 1.2s done
#5 DONE 12.0s

#5 [1/6] FROM docker.io/library/python:3.11-slim@sha256:baf89808ec37adeaab83cec287adb4a2afa4a11c1d51e961c7ec737877e61af6
#5 extracting sha256:c89b9f64c028c19ba92e195d7589d914b9cd1fc69f3c3dfeb931e93876ac2064 0.1s done
#5 DONE 12.0s

#7 [2/6] WORKDIR /app
#7 DONE 0.2s

#8 [3/6] COPY repo/requirements.txt /app/requirements.txt
#8 DONE 0.1s

#9 [4/6] RUN pip install --no-cache-dir -r requirements.txt
#9 4.178 Collecting streamlit (from -r requirements.txt (line 1))
#9 4.414   Downloading streamlit-1.59.2-py3-none-any.whl.metadata (9.6 kB)
#9 4.537 Collecting xgboost (from -r requirements.txt (line 2))
#9 4.598   Downloading xgboost-3.2.0-py3-none-manylinux_2_28_x86_64.whl.metadata (2.1 kB)
#9 4.881 Collecting scikit-learn (from -r requirements.txt (line 3))
#9 4.940   Downloading scikit_learn-1.9.0-cp311-cp311-manylinux_2_27_x86_64.manylinux_2_28_x86_64.whl.metadata (11 kB)
#9 5.309 Collecting pandas (from -r requirements.txt (line 4))
#9 5.363   Downloading pandas-3.0.3-cp311-cp311-manylinux_2_24_x86_64.manylinux_2_28_x86_64.whl.metadata (79 kB)
#9 5.431      ━━━━━━━━━━━━━━━━━━━━━━━━━━━━━━━━━━━━━━━━ 79.5/79.5 kB 1.2 MB/s eta 0:00:00
#9 6.072 Collecting numpy (from -r requirements.txt (line 5))
#9 6.135   Downloading numpy-2.4.6-cp311-cp311-manylinux_2_27_x86_64.manylinux_2_28_x86_64.whl.metadata (6.6 kB)
#9 6.332 Collecting catboost (from -r requirements.txt (line 6))
#9 6.400   Downloading catboost-1.2.10-cp311-cp311-manylinux2014_x86_64.whl.metadata (1.2 kB)
#9 6.548 Collecting shap (from -r requirements.txt (line 7))
#9 6.608   Downloading shap-0.51.0-cp311-cp311-manylinux2014_x86_64.manylinux_2_17_x86_64.manylinux_2_28_x86_64.whl.metadata (25 kB)
#9 7.001 Collecting matplotlib (from -r requirements.txt (line 8))
#9 7.058   Downloading matplotlib-3.11.0-cp311-cp311-manylinux2014_x86_64.manylinux_2_17_x86_64.whl.metadata (80 kB)
#9 7.077      ━━━━━━━━━━━━━━━━━━━━━━━━━━━━━━━━━━━━━━━━ 80.3/80.3 kB 7.9 MB/s eta 0:00:00
#9 7.196 Collecting openpyxl (from -r requirements.txt (line 9))
#9 7.263   Downloading openpyxl-3.1.5-py2.py3-none-any.whl.metadata (2.5 kB)
#9 7.570 Collecting altair!=5.4.0,!=5.4.1,<7,>=4.0 (from streamlit->-r requirements.txt (line 1))
#9 7.636   Downloading altair-6.2.2-py3-none-any.whl.metadata (11 kB)
#9 7.725 Collecting blinker<2,>=1.5.0 (from streamlit->-r requirements.txt (line 1))
#9 7.784   Downloading blinker-1.9.0-py3-none-any.whl.metadata (1.6 kB)
#9 7.884 Collecting cachetools<8,>=5.5 (from streamlit->-r requirements.txt (line 1))
#9 7.960   Downloading cachetools-7.1.4-py3-none-any.whl.metadata (5.5 kB)
#9 8.064 Collecting click<9,>=7.0 (from streamlit->-r requirements.txt (line 1))
#9 8.126   Downloading click-8.4.2-py3-none-any.whl.metadata (2.6 kB)
#9 8.256 Collecting gitpython!=3.1.19,<4,>=3.0.7 (from streamlit->-r requirements.txt (line 1))
#9 8.328   Downloading gitpython-3.1.52-py3-none-any.whl.metadata (14 kB)
#9 8.344 Requirement already satisfied: packaging>=20 in /usr/local/lib/python3.11/site-packages (from streamlit->-r requirements.txt (line 1)) (26.2)
#9 8.787 Collecting pillow<13,>=7.1.0 (from streamlit->-r requirements.txt (line 1))
#9 8.842   Downloading pillow-12.3.0-cp311-cp311-manylinux_2_27_x86_64.manylinux_2_28_x86_64.whl.metadata (9.1 kB)
#9 8.954 Collecting pydeck<1,>=0.8.0b4 (from streamlit->-r requirements.txt (line 1))
#9 9.021   Downloading pydeck-0.9.3-py2.py3-none-any.whl.metadata (4.2 kB)
#9 9.747 Collecting protobuf<8,>=3.20 (from streamlit->-r requirements.txt (line 1))
#9 9.816   Downloading protobuf-7.35.1-cp310-abi3-manylinux2014_x86_64.whl.metadata (595 bytes)
#9 10.13 Collecting pyarrow<25,>=7.0 (from streamlit->-r requirements.txt (line 1))
#9 10.19   Downloading pyarrow-24.0.0-cp311-cp311-manylinux_2_28_x86_64.whl.metadata (3.0 kB)
#9 10.33 Collecting requests<3,>=2.27 (from streamlit->-r requirements.txt (line 1))
#9 10.42   Downloading requests-2.34.2-py3-none-any.whl.metadata (4.8 kB)
#9 10.53 Collecting tenacity<10,>=8.1.0 (from streamlit->-r requirements.txt (line 1))
#9 10.59   Downloading tenacity-9.1.4-py3-none-any.whl.metadata (1.2 kB)
#9 10.66 Collecting toml<2,>=0.10.1 (from streamlit->-r requirements.txt (line 1))
#9 10.71   Downloading toml-0.10.2-py2.py3-none-any.whl.metadata (7.1 kB)
#9 10.83 Collecting typing-extensions<5,>=4.10.0 (from streamlit->-r requirements.txt (line 1))
#9 10.90   Downloading typing_extensions-4.16.0-py3-none-any.whl.metadata (3.3 kB)
#9 11.04 Collecting starlette>=0.40.0 (from streamlit->-r requirements.txt (line 1))
#9 11.11   Downloading starlette-1.3.1-py3-none-any.whl.metadata (6.4 kB)
#9 11.25 Collecting uvicorn>=0.30.0 (from streamlit->-r requirements.txt (line 1))
#9 11.32   Downloading uvicorn-0.51.0-py3-none-any.whl.metadata (6.6 kB)
#9 11.46 Collecting httptools>=0.6.3 (from streamlit->-r requirements.txt (line 1))
#9 11.52   Downloading httptools-0.8.0-cp311-cp311-manylinux1_x86_64.manylinux_2_28_x86_64.manylinux_2_5_x86_64.whl.metadata (3.5 kB)
#9 11.63 Collecting anyio>=4.0.0 (from streamlit->-r requirements.txt (line 1))
#9 11.69   Downloading anyio-4.14.2-py3-none-any.whl.metadata (4.6 kB)
#9 11.77 Collecting python-multipart>=0.0.10 (from streamlit->-r requirements.txt (line 1))
#9 11.83   Downloading python_multipart-0.0.32-py3-none-any.whl.metadata (2.1 kB)
#9 12.21 Collecting websockets>=12.0.0 (from streamlit->-r requirements.txt (line 1))
#9 12.27   Downloading websockets-16.1-cp311-cp311-manylinux1_x86_64.manylinux_2_28_x86_64.manylinux_2_5_x86_64.whl.metadata (6.8 kB)
#9 12.35 Collecting itsdangerous>=2.1.2 (from streamlit->-r requirements.txt (line 1))
#9 12.41   Downloading itsdangerous-2.2.0-py3-none-any.whl.metadata (1.9 kB)
#9 12.55 Collecting watchdog<7,>=2.1.5 (from streamlit->-r requirements.txt (line 1))
#9 12.61   Downloading watchdog-6.0.0-py3-none-manylinux2014_x86_64.whl.metadata (44 kB)
#9 12.61      ━━━━━━━━━━━━━━━━━━━━━━━━━━━━━━━━━━━━━━━ 44.3/44.3 kB 161.3 MB/s eta 0:00:00
#9 12.72 Collecting nvidia-nccl-cu12 (from xgboost->-r requirements.txt (line 2))
#9 12.77   Downloading nvidia_nccl_cu12-2.30.7-py3-none-manylinux_2_18_x86_64.whl.metadata (2.1 kB)
#9 13.22 Collecting scipy (from xgboost->-r requirements.txt (line 2))
#9 13.28   Downloading scipy-1.17.1-cp311-cp311-manylinux_2_27_x86_64.manylinux_2_28_x86_64.whl.metadata (62 kB)
#9 13.29      ━━━━━━━━━━━━━━━━━━━━━━━━━━━━━━━━━━━━━━━━ 62.1/62.1 kB 3.9 MB/s eta 0:00:00
#9 13.52 Collecting joblib>=1.4.0 (from scikit-learn->-r requirements.txt (line 3))
#9 13.59   Downloading joblib-1.5.3-py3-none-any.whl.metadata (5.5 kB)
#9 13.80 Collecting narwhals>=2.0.1 (from scikit-learn->-r requirements.txt (line 3))
#9 13.87   Downloading narwhals-2.24.0-py3-none-any.whl.metadata (15 kB)
#9 13.95 Collecting threadpoolctl>=3.5.0 (from scikit-learn->-r requirements.txt (line 3))
#9 14.02   Downloading threadpoolctl-3.6.0-py3-none-any.whl.metadata (13 kB)
#9 14.26 Collecting python-dateutil>=2.8.2 (from pandas->-r requirements.txt (line 4))
#9 14.32   Downloading python_dateutil-2.9.0.post0-py2.py3-none-any.whl.metadata (8.4 kB)
#9 14.45 Collecting graphviz (from catboost->-r requirements.txt (line 6))
#9 14.52   Downloading graphviz-0.21-py3-none-any.whl.metadata (12 kB)
#9 14.72 Collecting plotly (from catboost->-r requirements.txt (line 6))
#9 14.77   Downloading plotly-6.9.0-py3-none-any.whl.metadata (9.0 kB)
#9 14.86 Collecting six (from catboost->-r requirements.txt (line 6))
#9 14.92   Downloading six-1.17.0-py2.py3-none-any.whl.metadata (1.7 kB)
#9 15.23 Collecting tqdm>=4.27.0 (from shap->-r requirements.txt (line 7))
#9 15.30   Downloading tqdm-4.68.4-py3-none-any.whl.metadata (57 kB)
#9 15.31      ━━━━━━━━━━━━━━━━━━━━━━━━━━━━━━━━━━━━━━━ 57.4/57.4 kB 131.5 MB/s eta 0:00:00
#9 15.39 Collecting slicer==0.0.8 (from shap->-r requirements.txt (line 7))
#9 15.45   Downloading slicer-0.0.8-py3-none-any.whl.metadata (4.0 kB)
#9 15.73 Collecting numba (from shap->-r requirements.txt (line 7))
#9 15.79   Downloading numba-0.66.0-cp311-cp311-manylinux2014_x86_64.manylinux_2_17_x86_64.whl.metadata (2.7 kB)
#9 15.95 Collecting llvmlite (from shap->-r requirements.txt (line 7))
#9 16.04   Downloading llvmlite-0.48.0-cp311-cp311-manylinux2014_x86_64.manylinux_2_17_x86_64.whl.metadata (5.0 kB)
#9 16.12 Collecting cloudpickle (from shap->-r requirements.txt (line 7))
#9 16.18   Downloading cloudpickle-3.1.2-py3-none-any.whl.metadata (7.1 kB)
#9 16.58 Collecting contourpy>=1.0.1 (from matplotlib->-r requirements.txt (line 8))
#9 16.64   Downloading contourpy-1.3.3-cp311-cp311-manylinux_2_27_x86_64.manylinux_2_28_x86_64.whl.metadata (5.5 kB)
#9 16.72 Collecting cycler>=0.10 (from matplotlib->-r requirements.txt (line 8))
#9 16.77   Downloading cycler-0.12.1-py3-none-any.whl.metadata (3.8 kB)
#9 17.23 Collecting fonttools>=4.22.0 (from matplotlib->-r requirements.txt (line 8))
#9 17.30   Downloading fonttools-4.63.0-cp311-cp311-manylinux2014_x86_64.manylinux_2_17_x86_64.whl.metadata (118 kB)
#9 17.31      ━━━━━━━━━━━━━━━━━━━━━━━━━━━━━━━━━━━━━━ 118.7/118.7 kB 44.4 MB/s eta 0:00:00
#9 17.54 Collecting kiwisolver>=1.3.1 (from matplotlib->-r requirements.txt (line 8))
#9 17.59   Downloading kiwisolver-1.5.0-cp311-cp311-manylinux2014_x86_64.manylinux_2_17_x86_64.whl.metadata (5.1 kB)
#9 17.75 Collecting pyparsing>=3 (from matplotlib->-r requirements.txt (line 8))
#9 17.81   Downloading pyparsing-3.3.2-py3-none-any.whl.metadata (5.8 kB)
#9 17.91 Collecting et-xmlfile (from openpyxl->-r requirements.txt (line 9))
#9 17.96   Downloading et_xmlfile-2.0.0-py3-none-any.whl.metadata (2.7 kB)
#9 18.12 Collecting jinja2 (from altair!=5.4.0,!=5.4.1,<7,>=4.0->streamlit->-r requirements.txt (line 1))
#9 18.18   Downloading jinja2-3.1.6-py3-none-any.whl.metadata (2.9 kB)
#9 18.31 Collecting jsonschema>=3.0 (from altair!=5.4.0,!=5.4.1,<7,>=4.0->streamlit->-r requirements.txt (line 1))
#9 18.40   Downloading jsonschema-4.26.0-py3-none-any.whl.metadata (7.6 kB)
#9 18.55 Collecting idna>=2.8 (from anyio>=4.0.0->streamlit->-r requirements.txt (line 1))
#9 18.62   Downloading idna-3.18-py3-none-any.whl.metadata (6.1 kB)
#9 18.81 Collecting gitdb<5,>=4.0.1 (from gitpython!=3.1.19,<4,>=3.0.7->streamlit->-r requirements.txt (line 1))
#9 18.87   Downloading gitdb-4.0.12-py3-none-any.whl.metadata (1.2 kB)
#9 19.34 Collecting charset_normalizer<4,>=2 (from requests<3,>=2.27->streamlit->-r requirements.txt (line 1))
#9 19.41   Downloading charset_normalizer-3.4.9-cp311-cp311-manylinux2014_x86_64.manylinux_2_17_x86_64.manylinux_2_28_x86_64.whl.metadata (41 kB)
#9 19.41      ━━━━━━━━━━━━━━━━━━━━━━━━━━━━━━━━━━━━━━━━ 41.7/41.7 kB 78.4 MB/s eta 0:00:00
#9 19.57 Collecting urllib3<3,>=1.26 (from requests<3,>=2.27->streamlit->-r requirements.txt (line 1))
#9 19.65   Downloading urllib3-2.7.0-py3-none-any.whl.metadata (6.9 kB)
#9 19.74 Collecting certifi>=2023.5.7 (from requests<3,>=2.27->streamlit->-r requirements.txt (line 1))
#9 19.81   Downloading certifi-2026.6.17-py3-none-any.whl.metadata (2.5 kB)
#9 20.06 Collecting h11>=0.8 (from uvicorn>=0.30.0->streamlit->-r requirements.txt (line 1))
#9 20.12   Downloading h11-0.16.0-py3-none-any.whl.metadata (8.3 kB)
#9 20.46 Collecting smmap<6,>=3.0.1 (from gitdb<5,>=4.0.1->gitpython!=3.1.19,<4,>=3.0.7->streamlit->-r requirements.txt (line 1))
#9 20.53   Downloading smmap-5.0.3-py3-none-any.whl.metadata (4.6 kB)
#9 20.73 Collecting MarkupSafe>=2.0 (from jinja2->altair!=5.4.0,!=5.4.1,<7,>=4.0->streamlit->-r requirements.txt (line 1))
#9 20.79   Downloading markupsafe-3.0.3-cp311-cp311-manylinux2014_x86_64.manylinux_2_17_x86_64.manylinux_2_28_x86_64.whl.metadata (2.7 kB)
#9 21.10 Collecting attrs>=22.2.0 (from jsonschema>=3.0->altair!=5.4.0,!=5.4.1,<7,>=4.0->streamlit->-r requirements.txt (line 1))
#9 21.17   Downloading attrs-26.1.0-py3-none-any.whl.metadata (8.8 kB)
#9 21.25 Collecting jsonschema-specifications>=2023.03.6 (from jsonschema>=3.0->altair!=5.4.0,!=5.4.1,<7,>=4.0->streamlit->-r requirements.txt (line 1))
#9 21.32   Downloading jsonschema_specifications-2025.9.1-py3-none-any.whl.metadata (2.9 kB)
#9 21.44 Collecting referencing>=0.28.4 (from jsonschema>=3.0->altair!=5.4.0,!=5.4.1,<7,>=4.0->streamlit->-r requirements.txt (line 1))
#9 21.50   Downloading referencing-0.37.0-py3-none-any.whl.metadata (2.8 kB)
#9 22.34 Collecting rpds-py>=0.25.0 (from jsonschema>=3.0->altair!=5.4.0,!=5.4.1,<7,>=4.0->streamlit->-r requirements.txt (line 1))
#9 22.40   Downloading rpds_py-2026.6.3-cp311-cp311-manylinux_2_17_x86_64.manylinux2014_x86_64.whl.metadata (4.1 kB)
#9 22.64 Downloading streamlit-1.59.2-py3-none-any.whl (10.3 MB)
#9 24.23    ━━━━━━━━━━━━━━━━━━━━━━━━━━━━━━━━━━━━━━━━ 10.3/10.3 MB 6.5 MB/s eta 0:00:00
#9 24.29 Downloading xgboost-3.2.0-py3-none-manylinux_2_28_x86_64.whl (131.7 MB)
#9 140.3    ━━━━━━━━━━━━━━━━━━━━━━━━━━━━━━━━━━━━━━━━ 131.7/131.7 MB 1.1 MB/s eta 0:00:00
#9 140.4 Downloading scikit_learn-1.9.0-cp311-cp311-manylinux_2_27_x86_64.manylinux_2_28_x86_64.whl (9.3 MB)
#9 149.7    ━━━━━━━━━━━━━━━━━━━━━━━━━━━━━━━━━━━━━━━━ 9.3/9.3 MB 1.0 MB/s eta 0:00:00
#9 149.7 Downloading pandas-3.0.3-cp311-cp311-manylinux_2_24_x86_64.manylinux_2_28_x86_64.whl (11.3 MB)
#9 161.7    ━━━━━━━━━━━━━━━━━━━━━━━━━━━━━━━━━━━━━━━━ 11.3/11.3 MB 913.7 kB/s eta 0:00:00
#9 161.8 Downloading numpy-2.4.6-cp311-cp311-manylinux_2_27_x86_64.manylinux_2_28_x86_64.whl (16.9 MB)
#9 181.8    ━━━━━━━━━━━━━━━━━━━━━━━━━━━━━━━━━━━━━━━━ 16.9/16.9 MB 831.2 kB/s eta 0:00:00
#9 181.9 Downloading catboost-1.2.10-cp311-cp311-manylinux2014_x86_64.whl (97.2 MB)
#9 273.2    ━━━━━━━━━━━━━━━━━━━━━━━━━━━━━━━━━━━━━━━━ 97.2/97.2 MB 1.3 MB/s eta 0:00:00
#9 273.3 Downloading shap-0.51.0-cp311-cp311-manylinux2014_x86_64.manylinux_2_17_x86_64.manylinux_2_28_x86_64.whl (1.1 MB)
#9 273.8    ━━━━━━━━━━━━━━━━━━━━━━━━━━━━━━━━━━━━━━━━ 1.1/1.1 MB 2.1 MB/s eta 0:00:00
#9 273.8 Downloading slicer-0.0.8-py3-none-any.whl (15 kB)
#9 273.9 Downloading matplotlib-3.11.0-cp311-cp311-manylinux2014_x86_64.manylinux_2_17_x86_64.whl (10.0 MB)
#9 281.2    ━━━━━━━━━━━━━━━━━━━━━━━━━━━━━━━━━━━━━━━━ 10.0/10.0 MB 1.4 MB/s eta 0:00:00
#9 281.3 Downloading openpyxl-3.1.5-py2.py3-none-any.whl (250 kB)
#9 281.4    ━━━━━━━━━━━━━━━━━━━━━━━━━━━━━━━━━━━━━━━━ 250.9/250.9 kB 2.3 MB/s eta 0:00:00
#9 281.4 Downloading altair-6.2.2-py3-none-any.whl (797 kB)
#9 281.9    ━━━━━━━━━━━━━━━━━━━━━━━━━━━━━━━━━━━━━━━━ 797.6/797.6 kB 1.8 MB/s eta 0:00:00
#9 281.9 Downloading anyio-4.14.2-py3-none-any.whl (125 kB)
#9 282.0    ━━━━━━━━━━━━━━━━━━━━━━━━━━━━━━━━━━━━━━━━ 125.8/125.8 kB 1.6 MB/s eta 0:00:00
#9 282.1 Downloading blinker-1.9.0-py3-none-any.whl (8.5 kB)
#9 282.1 Downloading cachetools-7.1.4-py3-none-any.whl (16 kB)
#9 282.2 Downloading click-8.4.2-py3-none-any.whl (119 kB)
#9 282.3    ━━━━━━━━━━━━━━━━━━━━━━━━━━━━━━━━━━━━━━━ 119.2/119.2 kB 952.3 kB/s eta 0:00:00
#9 282.4 Downloading contourpy-1.3.3-cp311-cp311-manylinux_2_27_x86_64.manylinux_2_28_x86_64.whl (355 kB)
#9 282.7    ━━━━━━━━━━━━━━━━━━━━━━━━━━━━━━━━━━━━━━━━ 355.2/355.2 kB 1.2 MB/s eta 0:00:00
#9 282.8 Downloading cycler-0.12.1-py3-none-any.whl (8.3 kB)
#9 282.8 Downloading fonttools-4.63.0-cp311-cp311-manylinux2014_x86_64.manylinux_2_17_x86_64.whl (5.1 MB)
#9 288.0    ━━━━━━━━━━━━━━━━━━━━━━━━━━━━━━━━━━━━━━━━ 5.1/5.1 MB 988.2 kB/s eta 0:00:00
#9 288.0 Downloading gitpython-3.1.52-py3-none-any.whl (215 kB)
#9 288.2    ━━━━━━━━━━━━━━━━━━━━━━━━━━━━━━━━━━━━━━━━ 215.4/215.4 kB 1.3 MB/s eta 0:00:00
#9 288.3 Downloading httptools-0.8.0-cp311-cp311-manylinux1_x86_64.manylinux_2_28_x86_64.manylinux_2_5_x86_64.whl (464 kB)
#9 288.6    ━━━━━━━━━━━━━━━━━━━━━━━━━━━━━━━━━━━━━━━━ 464.7/464.7 kB 1.4 MB/s eta 0:00:00
#9 288.7 Downloading itsdangerous-2.2.0-py3-none-any.whl (16 kB)
#9 288.8 Downloading joblib-1.5.3-py3-none-any.whl (309 kB)
#9 289.0    ━━━━━━━━━━━━━━━━━━━━━━━━━━━━━━━━━━━━━━━━ 309.1/309.1 kB 1.1 MB/s eta 0:00:00
#9 289.1 Downloading kiwisolver-1.5.0-cp311-cp311-manylinux2014_x86_64.manylinux_2_17_x86_64.whl (1.4 MB)
#9 290.8    ━━━━━━━━━━━━━━━━━━━━━━━━━━━━━━━━━━━━━━━━ 1.4/1.4 MB 827.3 kB/s eta 0:00:00
#9 290.9 Downloading narwhals-2.24.0-py3-none-any.whl (461 kB)
#9 291.4    ━━━━━━━━━━━━━━━━━━━━━━━━━━━━━━━━━━━━━━━ 461.0/461.0 kB 863.0 kB/s eta 0:00:00
#9 291.5 Downloading pillow-12.3.0-cp311-cp311-manylinux_2_27_x86_64.manylinux_2_28_x86_64.whl (6.9 MB)
#9 297.1    ━━━━━━━━━━━━━━━━━━━━━━━━━━━━━━━━━━━━━━━━ 6.9/6.9 MB 1.2 MB/s eta 0:00:00
#9 297.1 Downloading protobuf-7.35.1-cp310-abi3-manylinux2014_x86_64.whl (327 kB)
#9 297.4    ━━━━━━━━━━━━━━━━━━━━━━━━━━━━━━━━━━━━━━━━ 327.1/327.1 kB 1.1 MB/s eta 0:00:00
#9 297.5 Downloading pyarrow-24.0.0-cp311-cp311-manylinux_2_28_x86_64.whl (48.8 MB)
#9 349.4    ━━━━━━━━━━━━━━━━━━━━━━━━━━━━━━━━━━━━━━━━ 48.8/48.8 MB 874.5 kB/s eta 0:00:00
#9 349.4 Downloading pydeck-0.9.3-py2.py3-none-any.whl (11.4 MB)
#9 360.3    ━━━━━━━━━━━━━━━━━━━━━━━━━━━━━━━━━━━━━━━━ 11.4/11.4 MB 1.1 MB/s eta 0:00:00
#9 360.3 Downloading pyparsing-3.3.2-py3-none-any.whl (122 kB)
#9 360.5    ━━━━━━━━━━━━━━━━━━━━━━━━━━━━━━━━━━━━━━━ 122.8/122.8 kB 957.5 kB/s eta 0:00:00
#9 360.5 Downloading python_dateutil-2.9.0.post0-py2.py3-none-any.whl (229 kB)
#9 360.8    ━━━━━━━━━━━━━━━━━━━━━━━━━━━━━━━━━━━━━━━ 229.9/229.9 kB 999.0 kB/s eta 0:00:00
#9 360.8 Downloading python_multipart-0.0.32-py3-none-any.whl (30 kB)
#9 360.9 Downloading requests-2.34.2-py3-none-any.whl (73 kB)
#9 361.0    ━━━━━━━━━━━━━━━━━━━━━━━━━━━━━━━━━━━━━━━━ 73.1/73.1 kB 1.1 MB/s eta 0:00:00
#9 361.1 Downloading scipy-1.17.1-cp311-cp311-manylinux_2_27_x86_64.manylinux_2_28_x86_64.whl (35.3 MB)
#9 389.7    ━━━━━━━━━━━━━━━━━━━━━━━━━━━━━━━━━━━━━━━━ 35.3/35.3 MB 1.2 MB/s eta 0:00:00
#9 389.8 Downloading six-1.17.0-py2.py3-none-any.whl (11 kB)
#9 389.9 Downloading starlette-1.3.1-py3-none-any.whl (73 kB)
#9 390.0    ━━━━━━━━━━━━━━━━━━━━━━━━━━━━━━━━━━━━━━━━ 73.6/73.6 kB 610.7 kB/s eta 0:00:00
#9 390.1 Downloading tenacity-9.1.4-py3-none-any.whl (28 kB)
#9 390.2 Downloading threadpoolctl-3.6.0-py3-none-any.whl (18 kB)
#9 390.2 Downloading toml-0.10.2-py2.py3-none-any.whl (16 kB)
#9 390.3 Downloading tqdm-4.68.4-py3-none-any.whl (676 kB)
#9 391.3    ━━━━━━━━━━━━━━━━━━━━━━━━━━━━━━━━━━━━━━━ 676.6/676.6 kB 714.0 kB/s eta 0:00:00
#9 391.3 Downloading typing_extensions-4.16.0-py3-none-any.whl (45 kB)
#9 391.4    ━━━━━━━━━━━━━━━━━━━━━━━━━━━━━━━━━━━━━━━━ 45.6/45.6 kB 969.3 kB/s eta 0:00:00
#9 391.4 Downloading uvicorn-0.51.0-py3-none-any.whl (73 kB)
#9 391.5    ━━━━━━━━━━━━━━━━━━━━━━━━━━━━━━━━━━━━━━━━ 73.2/73.2 kB 1.0 MB/s eta 0:00:00
#9 391.6 Downloading watchdog-6.0.0-py3-none-manylinux2014_x86_64.whl (79 kB)
#9 391.7    ━━━━━━━━━━━━━━━━━━━━━━━━━━━━━━━━━━━━━━━━ 79.1/79.1 kB 932.2 kB/s eta 0:00:00
#9 391.7 Downloading websockets-16.1-cp311-cp311-manylinux1_x86_64.manylinux_2_28_x86_64.manylinux_2_5_x86_64.whl (187 kB)
#9 391.9    ━━━━━━━━━━━━━━━━━━━━━━━━━━━━━━━━━━━━━━━ 187.1/187.1 kB 925.6 kB/s eta 0:00:00
#9 392.0 Downloading cloudpickle-3.1.2-py3-none-any.whl (22 kB)
#9 392.1 Downloading et_xmlfile-2.0.0-py3-none-any.whl (18 kB)
#9 392.2 Downloading graphviz-0.21-py3-none-any.whl (47 kB)
#9 392.2    ━━━━━━━━━━━━━━━━━━━━━━━━━━━━━━━━━━━━━━━━ 47.3/47.3 kB 1.3 MB/s eta 0:00:00
#9 392.3 Downloading llvmlite-0.48.0-cp311-cp311-manylinux2014_x86_64.manylinux_2_17_x86_64.whl (59.9 MB)
#9 449.1    ━━━━━━━━━━━━━━━━━━━━━━━━━━━━━━━━━━━━━━━━ 59.9/59.9 MB 1.2 MB/s eta 0:00:00
#9 449.2 Downloading numba-0.66.0-cp311-cp311-manylinux2014_x86_64.manylinux_2_17_x86_64.whl (3.8 MB)
#9 451.4    ━━━━━━━━━━━━━━━━━━━━━━━━━━━━━━━━━━━━━━━━ 3.8/3.8 MB 1.7 MB/s eta 0:00:00
#9 451.5 Downloading nvidia_nccl_cu12-2.30.7-py3-none-manylinux_2_18_x86_64.whl (303.4 MB)
#9 738.7    ━━━━━━━━━━━━━━━━━━━━━━━━━━━━━━━━━━━━━━━ 303.4/303.4 MB 936.5 kB/s eta 0:00:00
#9 738.7 Downloading plotly-6.9.0-py3-none-any.whl (9.9 MB)
#9 746.3    ━━━━━━━━━━━━━━━━━━━━━━━━━━━━━━━━━━━━━━━━ 9.9/9.9 MB 1.3 MB/s eta 0:00:00
#9 746.3 Downloading certifi-2026.6.17-py3-none-any.whl (133 kB)
#9 746.4    ━━━━━━━━━━━━━━━━━━━━━━━━━━━━━━━━━━━━━━━━ 133.3/133.3 kB 1.4 MB/s eta 0:00:00
#9 746.5 Downloading charset_normalizer-3.4.9-cp311-cp311-manylinux2014_x86_64.manylinux_2_17_x86_64.manylinux_2_28_x86_64.whl (221 kB)
#9 746.7    ━━━━━━━━━━━━━━━━━━━━━━━━━━━━━━━━━━━━━━━━ 221.3/221.3 kB 1.3 MB/s eta 0:00:00
#9 746.7 Downloading gitdb-4.0.12-py3-none-any.whl (62 kB)
#9 746.8    ━━━━━━━━━━━━━━━━━━━━━━━━━━━━━━━━━━━━━━━━ 62.8/62.8 kB 17.0 MB/s eta 0:00:00
#9 746.8 Downloading h11-0.16.0-py3-none-any.whl (37 kB)
#9 746.9 Downloading idna-3.18-py3-none-any.whl (65 kB)
#9 747.0    ━━━━━━━━━━━━━━━━━━━━━━━━━━━━━━━━━━━━━━━━ 65.5/65.5 kB 1.1 MB/s eta 0:00:00
#9 747.0 Downloading jinja2-3.1.6-py3-none-any.whl (134 kB)
#9 747.2    ━━━━━━━━━━━━━━━━━━━━━━━━━━━━━━━━━━━━━━━━ 134.9/134.9 kB 1.1 MB/s eta 0:00:00
#9 747.2 Downloading jsonschema-4.26.0-py3-none-any.whl (90 kB)
#9 747.3    ━━━━━━━━━━━━━━━━━━━━━━━━━━━━━━━━━━━━━━━━ 90.6/90.6 kB 1.2 MB/s eta 0:00:00
#9 747.4 Downloading urllib3-2.7.0-py3-none-any.whl (131 kB)
#9 747.5    ━━━━━━━━━━━━━━━━━━━━━━━━━━━━━━━━━━━━━━━ 131.1/131.1 kB 687.2 kB/s eta 0:00:00
#9 747.6 Downloading attrs-26.1.0-py3-none-any.whl (67 kB)
#9 747.7    ━━━━━━━━━━━━━━━━━━━━━━━━━━━━━━━━━━━━━━━━ 67.5/67.5 kB 924.2 kB/s eta 0:00:00
#9 747.7 Downloading jsonschema_specifications-2025.9.1-py3-none-any.whl (18 kB)
#9 747.8 Downloading markupsafe-3.0.3-cp311-cp311-manylinux2014_x86_64.manylinux_2_17_x86_64.manylinux_2_28_x86_64.whl (22 kB)
#9 747.8 Downloading referencing-0.37.0-py3-none-any.whl (26 kB)
#9 747.9 Downloading rpds_py-2026.6.3-cp311-cp311-manylinux_2_17_x86_64.manylinux2014_x86_64.whl (371 kB)
#9 748.2    ━━━━━━━━━━━━━━━━━━━━━━━━━━━━━━━━━━━━━━━━ 371.3/371.3 kB 1.2 MB/s eta 0:00:00
#9 748.3 Downloading smmap-5.0.3-py3-none-any.whl (24 kB)
#9 749.2 Installing collected packages: websockets, watchdog, urllib3, typing-extensions, tqdm, toml, threadpoolctl, tenacity, smmap, slicer, six, rpds-py, python-multipart, pyparsing, pyarrow, protobuf, pillow, nvidia-nccl-cu12, numpy, narwhals, MarkupSafe, llvmlite, kiwisolver, joblib, itsdangerous, idna, httptools, h11, graphviz, fonttools, et-xmlfile, cycler, cloudpickle, click, charset_normalizer, certifi, cachetools, blinker, attrs, uvicorn, scipy, requests, referencing, python-dateutil, plotly, openpyxl, numba, jinja2, gitdb, contourpy, anyio, xgboost, starlette, scikit-learn, pydeck, pandas, matplotlib, jsonschema-specifications, gitpython, shap, jsonschema, catboost, altair, streamlit
#9 774.1 Successfully installed MarkupSafe-3.0.3 altair-6.2.2 anyio-4.14.2 attrs-26.1.0 blinker-1.9.0 cachetools-7.1.4 catboost-1.2.10 certifi-2026.6.17 charset_normalizer-3.4.9 click-8.4.2 cloudpickle-3.1.2 contourpy-1.3.3 cycler-0.12.1 et-xmlfile-2.0.0 fonttools-4.63.0 gitdb-4.0.12 gitpython-3.1.52 graphviz-0.21 h11-0.16.0 httptools-0.8.0 idna-3.18 itsdangerous-2.2.0 jinja2-3.1.6 joblib-1.5.3 jsonschema-4.26.0 jsonschema-specifications-2025.9.1 kiwisolver-1.5.0 llvmlite-0.48.0 matplotlib-3.11.0 narwhals-2.24.0 numba-0.66.0 numpy-2.4.6 nvidia-nccl-cu12-2.30.7 openpyxl-3.1.5 pandas-3.0.3 pillow-12.3.0 plotly-6.9.0 protobuf-7.35.1 pyarrow-24.0.0 pydeck-0.9.3 pyparsing-3.3.2 python-dateutil-2.9.0.post0 python-multipart-0.0.32 referencing-0.37.0 requests-2.34.2 rpds-py-2026.6.3 scikit-learn-1.9.0 scipy-1.17.1 shap-0.51.0 six-1.17.0 slicer-0.0.8 smmap-5.0.3 starlette-1.3.1 streamlit-1.59.2 tenacity-9.1.4 threadpoolctl-3.6.0 toml-0.10.2 tqdm-4.68.4 typing-extensions-4.16.0 urllib3-2.7.0 uvicorn-0.51.0 watchdog-6.0.0 websockets-16.1 xgboost-3.2.0
#9 774.1 WARNING: Running pip as the 'root' user can result in broken permissions and conflicting behaviour with the system package manager. It is recommended to use a virtual environment instead: https://pip.pypa.io/warnings/venv
#9 774.4 
#9 774.4 [notice] A new release of pip is available: 24.0 -> 26.1.2
#9 774.4 [notice] To update, run: pip install --upgrade pip
#9 DONE 775.7s

#10 [5/6] COPY repo/ /app/repo/
#10 DONE 0.2s

#11 [6/6] COPY rerun_test.py /app/rerun_test.py
#11 DONE 0.0s

#12 exporting to image
#12 exporting layers
#12 exporting layers 51.5s done
#12 exporting manifest sha256:e987e07be3f62e1eeb959e5b626e0e26ea84687628a8d0f70ddf525069bc8e11 0.0s done
#12 exporting config sha256:118bb43b269ca6a50b6df2d784287e8f6b1cfa96726a7069bef619221955fcf4 0.0s done
#12 exporting attestation manifest sha256:21e7a9ac9051e61a54643813ae4671e574f8250e3f3b98b641d5586b8410de59 0.0s done
#12 exporting manifest list sha256:9a038cd2bd6a91a6e31ca37724b7343981fb94e43658ccd94131c3a0e224dcce 0.0s done
#12 naming to docker.io/library/enoch0307-rerun:asdeclared done
#12 unpacking to docker.io/library/enoch0307-rerun:asdeclared
#12 unpacking to docker.io/library/enoch0307-rerun:asdeclared 9.8s done
#12 DONE 61.5s
